 FaultSim

 Timestamp is 4cb60199 (Wed Oct 13 14:59:37 2010)

 Preferred load address is 00400000

 Start         Length     Name                   Class
 0001:00000000 00015802H .text                   CODE
 0001:00015810 00000da3H .text$x                 CODE
 0001:000165c0 000004e1H .text$yc                CODE
 0001:00016ab0 00000041H .text$yd                CODE
 0002:00000000 00000964H .idata$5                DATA
 0002:00000964 00000004H .CRT$XCA                DATA
 0002:00000968 00000004H .CRT$XCAA               DATA
 0002:0000096c 0000000cH .CRT$XCC                DATA
 0002:00000978 00000070H .CRT$XCL                DATA
 0002:000009e8 0000000cH .CRT$XCU                DATA
 0002:000009f4 00000004H .CRT$XCZ                DATA
 0002:000009f8 00000004H .CRT$XIA                DATA
 0002:000009fc 00000004H .CRT$XIAA               DATA
 0002:00000a00 00000004H .CRT$XIC                DATA
 0002:00000a04 00000004H .CRT$XIY                DATA
 0002:00000a08 00000004H .CRT$XIZ                DATA
 0002:00000a10 00009970H .rdata                  DATA
 0002:0000a380 00000062H .rdata$debug            DATA
 0002:0000a3e4 0000080cH .rdata$r                DATA
 0002:0000abf0 000000e0H .rdata$sxdata           DATA
 0002:0000acd0 00000004H .rtc$IAA                DATA
 0002:0000acd4 00000004H .rtc$IZZ                DATA
 0002:0000acd8 00000004H .rtc$TAA                DATA
 0002:0000acdc 00000004H .rtc$TZZ                DATA
 0002:0000ace0 00000e6cH .xdata$x                DATA
 0002:0000bb4c 00000004H ATL$__a                 DATA
 0002:0000bb50 00000004H ATL$__z                 DATA
 0002:0000bb54 0000008cH .idata$2                DATA
 0002:0000bbe0 00000014H .idata$3                DATA
 0002:0000bbf4 00000964H .idata$4                DATA
 0002:0000c558 00000880H .idata$6                DATA
 0002:0000cdd8 00000000H .edata                  DATA
 0003:00000000 00001980H .data                   DATA
 0003:00001980 00000544H .bss                    DATA
 0004:00000000 00000658H .rsrc$01                DATA
 0004:00000660 00002e48H .rsrc$02                DATA

  Address         Publics by Value              Rva+Base       Lib:Object

 0000:00000000       __except_list              00000000     <absolute>
 0000:00000038       ___safe_se_handler_count   00000038     <absolute>
 0000:00009876       __ldused                   00009876     <absolute>
 0000:00009876       __fltused                  00009876     <absolute>
 0000:00000000       ___ImageBase               00400000     <linker-defined>
 0001:00000000       ??0CConfigurationDialog@@QAE@PAVCWnd@@@Z 00401000 f   ConfigurationDialog.obj
 0001:000000a0       ?DoDataExchange@CConfigurationDialog@@MAEXPAVCDataExchange@@@Z 004010a0 f   ConfigurationDialog.obj
 0001:000000e0       ?GetMessageMap@CConfigurationDialog@@MBEPBUAFX_MSGMAP@@XZ 004010e0 f   ConfigurationDialog.obj
 0001:000000f0       ?GetThisMessageMap@CConfigurationDialog@@KGPBUAFX_MSGMAP@@XZ 004010f0 f   ConfigurationDialog.obj
 0001:00000100       ?OnInitDialog@CConfigurationDialog@@MAEHXZ 00401100 f   ConfigurationDialog.obj
 0001:00000250       ??1CConfigurationDialog@@UAE@XZ 00401250 f   ConfigurationDialog.obj
 0001:000002e0       ?GetSelections@CConfigurationDialog@@QAEPAIXZ 004012e0 f   ConfigurationDialog.obj
 0001:00000310       ?OnOK@CConfigurationDialog@@MAEXXZ 00401310 f   ConfigurationDialog.obj
 0001:00000430       ?OnAll@CConfigurationDialog@@IAEXXZ 00401430 f   ConfigurationDialog.obj
 0001:000004a0       ?OnNone@CConfigurationDialog@@IAEXXZ 004014a0 f   ConfigurationDialog.obj
 0001:00000510       ??_GCConfigurationDialog@@UAEPAXI@Z 00401510 f i ConfigurationDialog.obj
 0001:00000510       ??_ECConfigurationDialog@@UAEPAXI@Z 00401510 f i ConfigurationDialog.obj
 0001:00000540       ?GetMessageMap@CFaultSimApp@@MBEPBUAFX_MSGMAP@@XZ 00401540 f   FaultSim.obj
 0001:00000550       ?GetThisMessageMap@CFaultSimApp@@KGPBUAFX_MSGMAP@@XZ 00401550 f   FaultSim.obj
 0001:00000560       ??0CFaultSimApp@@QAE@XZ    00401560 f   FaultSim.obj
 0001:00000590       ?InitInstance@CFaultSimApp@@UAEHXZ 00401590 f   FaultSim.obj
 0001:00000750       ??0CAboutDlg@@QAE@XZ       00401750 f   FaultSim.obj
 0001:00000780       ?DoDataExchange@CAboutDlg@@MAEXPAVCDataExchange@@@Z 00401780 f   FaultSim.obj
 0001:000007a0       ?GetMessageMap@CAboutDlg@@MBEPBUAFX_MSGMAP@@XZ 004017a0 f   FaultSim.obj
 0001:000007b0       ?GetThisMessageMap@CAboutDlg@@KGPBUAFX_MSGMAP@@XZ 004017b0 f   FaultSim.obj
 0001:000007c0       ?OnAppAbout@CFaultSimApp@@QAEXXZ 004017c0 f   FaultSim.obj
 0001:00000830       ?PreTranslateMessage@CFaultSimApp@@UAEHPAUtagMSG@@@Z 00401830 f   FaultSim.obj
 0001:000009a0       ?OnConfigure@CFaultSimApp@@QAEXXZ 004019a0 f   FaultSim.obj
 0001:00000b90       ?GetDocument@CFaultSimApp@@IAEPAVCFaultSimDoc@@H@Z 00401b90 f   FaultSim.obj
 0001:00000c10       ?OnSaveAll@CFaultSimApp@@QAEXXZ 00401c10 f   FaultSim.obj
 0001:00000d70       ?OnFileOpen@CFaultSimApp@@QAEXXZ 00401d70 f   FaultSim.obj
 0001:00000e10       ?OnClearLog@CFaultSimApp@@QAEXXZ 00401e10 f   FaultSim.obj
 0001:00000e40       ?GetActiveDoc@CFaultSimApp@@IAEPAVCFaultSimDoc@@XZ 00401e40 f   FaultSim.obj
 0001:00000ed0       ?OnSaveLog@CFaultSimApp@@QAEXXZ 00401ed0 f   FaultSim.obj
 0001:00000f90       ??_ECFaultSimApp@@UAEPAXI@Z 00401f90 f i FaultSim.obj
 0001:00000f90       ??_GCFaultSimApp@@UAEPAXI@Z 00401f90 f i FaultSim.obj
 0001:00000fc0       ??1CFaultSimApp@@UAE@XZ    00401fc0 f i FaultSim.obj
 0001:00000fe0       ??_ECAboutDlg@@UAEPAXI@Z   00401fe0 f i FaultSim.obj
 0001:00000fe0       ??_GCAboutDlg@@UAEPAXI@Z   00401fe0 f i FaultSim.obj
 0001:00001010       ??1CAboutDlg@@UAE@XZ       00402010 f i FaultSim.obj
 0001:00001030       ?GetLongestLine@CFaultSimDoc@@QAEIXZ 00402030 f i FaultSim.obj
 0001:00001050       ?SetLongestLine@CFaultSimDoc@@QAEXI@Z 00402050 f i FaultSim.obj
 0001:00001070       ?GetNumFaults@CFaultSimDoc@@QAEIXZ 00402070 f i FaultSim.obj
 0001:00001090       ?GetNumSelected@CConfigurationDialog@@QAEIXZ 00402090 f i FaultSim.obj
 0001:000010b0       ?SetNumSelected@CConfigurationDialog@@QAEXI@Z 004020b0 f i FaultSim.obj
 0001:000010d0       ?SetSelections@CConfigurationDialog@@QAEXPAI@Z 004020d0 f i FaultSim.obj
 0001:000010f0       ?SetPortValue@CConfigurationDialog@@QAEXH@Z 004020f0 f i FaultSim.obj
 0001:00001110       ?GetDocId@CFaultSimDoc@@QAEHXZ 00402110 f i FaultSim.obj
 0001:00001130       ??HATL@@YA?AV?$CStringT@DV?$StrTraitMFC_DLL@DV?$ChTraitsCRT@D@ATL@@@@@0@ABV10@PBD@Z 00402130 f i FaultSim.obj
 0001:000011f0       ?SupportsRestartManager@CWinApp@@UBEHXZ 004021f0 f i FaultSim.obj
 0001:00001210       ?SupportsApplicationRecovery@CWinApp@@UBEHXZ 00402210 f i FaultSim.obj
 0001:00001230       ?SupportsAutosaveAtRestart@CWinApp@@UBEHXZ 00402230 f i FaultSim.obj
 0001:00001250       ?SupportsAutosaveAtInterval@CWinApp@@UBEHXZ 00402250 f i FaultSim.obj
 0001:00001270       ?ReopenPreviousFilesAtRestart@CWinApp@@UBEHXZ 00402270 f i FaultSim.obj
 0001:00001290       ?RestoreAutosavedFilesAtRestart@CWinApp@@UBEHXZ 00402290 f i FaultSim.obj
 0001:000012b0       ?GetApplicationRestartFlags@CWinApp@@UAEKXZ 004022b0 f i FaultSim.obj
 0001:000012c0       ?GetApplicationRecoveryParameter@CWinApp@@UAEPAXXZ 004022c0 f i FaultSim.obj
 0001:000012d0       ?GetApplicationRecoveryPingInterval@CWinApp@@UAEKXZ 004022d0 f i FaultSim.obj
 0001:000012e0       ?CreateObject@CFaultSimDoc@@SGPAVCObject@@XZ 004022e0 f   FaultSimDoc.obj
 0001:00001360       ?_GetBaseClass@CFaultSimDoc@@KGPAUCRuntimeClass@@XZ 00402360 f   FaultSimDoc.obj
 0001:00001370       ?GetThisClass@CFaultSimDoc@@SGPAUCRuntimeClass@@XZ 00402370 f   FaultSimDoc.obj
 0001:00001380       ?GetRuntimeClass@CFaultSimDoc@@UBEPAUCRuntimeClass@@XZ 00402380 f   FaultSimDoc.obj
 0001:00001390       ?GetMessageMap@CFaultSimDoc@@MBEPBUAFX_MSGMAP@@XZ 00402390 f   FaultSimDoc.obj
 0001:000013a0       ?GetThisMessageMap@CFaultSimDoc@@KGPBUAFX_MSGMAP@@XZ 004023a0 f   FaultSimDoc.obj
 0001:000013b0       ??0CFaultSimDoc@@IAE@XZ    004023b0 f   FaultSimDoc.obj
 0001:000014a0       ??1CFaultSimDoc@@UAE@XZ    004024a0 f   FaultSimDoc.obj
 0001:00001520       ?Serialize@CFaultSimDoc@@UAEXAAVCArchive@@@Z 00402520 f   FaultSimDoc.obj
 0001:00001650       ?AssertValid@CFaultSimDoc@@UBEXXZ 00402650 f   FaultSimDoc.obj
 0001:00001670       ?Dump@CFaultSimDoc@@UBEXAAVCDumpContext@@@Z 00402670 f   FaultSimDoc.obj
 0001:00001690       ?DeleteContents@CFaultSimDoc@@UAEXXZ 00402690 f   FaultSimDoc.obj
 0001:000016c0       ?OnCmdMsg@CFaultSimDoc@@UAEHIHPAXPAUAFX_CMDHANDLERINFO@@@Z 004026c0 f   FaultSimDoc.obj
 0001:000016f0       ?SetFaults@CFaultSimDoc@@QAEXIPBI@Z 004026f0 f   FaultSimDoc.obj
 0001:000017c0       ?GetFaults@CFaultSimDoc@@QAEPBIXZ 004027c0 f   FaultSimDoc.obj
 0001:000017f0       ?GetListeningPort@CFaultSimDoc@@QAEIXZ 004027f0 f   FaultSimDoc.obj
 0001:00001820       ?SetTitle@CFaultSimDoc@@UAEXPBD@Z 00402820 f   FaultSimDoc.obj
 0001:00001980       ?DoSave@CFaultSimDoc@@MAEHPBDH@Z 00402980 f   FaultSimDoc.obj
 0001:00001aa0       ?GetLineHeight@CFaultSimDoc@@QAEHH@Z 00402aa0 f   FaultSimDoc.obj
 0001:00001ad0       ?GetLineHeight@CFaultSimDoc@@QAEHPAVCView@@@Z 00402ad0 f   FaultSimDoc.obj
 0001:00001b50       ?GetLineWidth@CFaultSimDoc@@QAEHPAVCView@@@Z 00402b50 f   FaultSimDoc.obj
 0001:00001bd0       ?GetDocSize@CFaultSimDoc@@QAE?AVCSize@@PAVCView@@@Z 00402bd0 f   FaultSimDoc.obj
 0001:00001c50       ?InvalidatePort@CFaultSimDoc@@QAEXI@Z 00402c50 f   FaultSimDoc.obj
 0001:00001cf0       ?ValidatePort@CFaultSimDoc@@QAEXI@Z 00402cf0 f   FaultSimDoc.obj
 0001:00001d90       ?OnNewDocument@CFaultSimDoc@@UAEHXZ 00402d90 f   FaultSimDoc.obj
 0001:00001db0       ?InitializeListeningThread@CFaultSimDoc@@AAEHXZ 00402db0 f   FaultSimDoc.obj
 0001:00001e80       ?InitializeLocalIPAddresses@CFaultSimDoc@@AAEHXZ 00402e80 f   FaultSimDoc.obj
 0001:00002050       ?GetListeningThreadId@CFaultSimDoc@@QAEKXZ 00403050 f   FaultSimDoc.obj
 0001:00002090       ?OnCloseDocument@CFaultSimDoc@@UAEXXZ 00403090 f   FaultSimDoc.obj
 0001:000020d0       ?SetMessage@CFaultSimDoc@@QAEXPADW4messageType@@@Z 004030d0 f   FaultSimDoc.obj
 0001:000021e0       ?ClearLog@CFaultSimDoc@@QAEXXZ 004031e0 f   FaultSimDoc.obj
 0001:00002210       ?SaveLog@CFaultSimDoc@@QAEXAAV?$CStringT@DV?$StrTraitMFC_DLL@DV?$ChTraitsCRT@D@ATL@@@@@ATL@@@Z 00403210 f   FaultSimDoc.obj
 0001:000023a0       ??_GCFaultSimDoc@@UAEPAXI@Z 004033a0 f i FaultSimDoc.obj
 0001:000023a0       ??_ECFaultSimDoc@@UAEPAXI@Z 004033a0 f i FaultSimDoc.obj
 0001:000023d0       ?SetListeningPort@CListenThread@@QAEXG@Z 004033d0 f i FaultSimDoc.obj
 0001:000023f0       ?SetIPaddress@CListenThread@@QAEXK@Z 004033f0 f i FaultSimDoc.obj
 0001:00002410       ?SetParent@CListenThread@@QAEXPAVCWinApp@@@Z 00403410 f i FaultSimDoc.obj
 0001:00002430       ?SetDocId@CListenThread@@QAEXH@Z 00403430 f i FaultSimDoc.obj
 0001:00002450       ?GetAdapter@CDocument@@UAEPAUIDocument@ATL@@XZ 00403450 f i FaultSimDoc.obj
 0001:00002550       ??0CDocumentAdapter@CDocument@@QAE@PAV1@@Z 00403550 f i FaultSimDoc.obj
 0001:00002580       ??0IDocument@ATL@@IAE@XZ   00403580 f i FaultSimDoc.obj
 0001:000025b0       ?AddRef@IDocument@ATL@@UAEJXZ 004035b0 f i FaultSimDoc.obj
 0001:000025d0       ?Release@IDocument@ATL@@UAEJXZ 004035d0 f i FaultSimDoc.obj
 0001:00002650       ??_EIDocument@ATL@@UAEPAXI@Z 00403650 f i FaultSimDoc.obj
 0001:00002650       ??_GIDocument@ATL@@UAEPAXI@Z 00403650 f i FaultSimDoc.obj
 0001:00002680       ??1IDocument@ATL@@UAE@XZ   00403680 f i FaultSimDoc.obj
 0001:000026a0       ?LoadFromStream@CDocumentAdapter@CDocument@@UAEJPAUIStream@@K@Z 004036a0 f i FaultSimDoc.obj
 0001:00002750       ??0CTraceFileAndLineInfo@ATL@@QAE@PBDH@Z 00403750 f i FaultSimDoc.obj
 0001:00002780       ??RCTraceFileAndLineInfo@ATL@@QBAXPBDZZ 00403780 f i FaultSimDoc.obj
 0001:000027d0       ?TraceV@CTrace@ATL@@QBAXPBDHKI0PAD@Z 004037d0 f i FaultSimDoc.obj
 0001:00002800       ??BCTraceCategory@ATL@@QBEKXZ 00403800 f i FaultSimDoc.obj
 0001:00002810       ?InitializeSearchContent@CDocumentAdapter@CDocument@@UAEXXZ 00403810 f i FaultSimDoc.obj
 0001:00002880       ?ClearChunkList@CDocumentAdapter@CDocument@@UAEXXZ 00403880 f i FaultSimDoc.obj
 0001:000028f0       ?SetChunkValue@CDocumentAdapter@CDocument@@UAEHPAUIFilterChunkValue@ATL@@@Z 004038f0 f i FaultSimDoc.obj
 0001:00002970       ?BeginReadChunks@CDocumentAdapter@CDocument@@UAEXXZ 00403970 f i FaultSimDoc.obj
 0001:000029e0       ?ReadNextChunkValue@CDocumentAdapter@CDocument@@UAEHPAPAUIFilterChunkValue@ATL@@@Z 004039e0 f i FaultSimDoc.obj
 0001:00002a60       ?RemoveChunk@CDocumentAdapter@CDocument@@UAEXABU_GUID@@K@Z 00403a60 f i FaultSimDoc.obj
 0001:00002ae0       ?FindChunk@CDocumentAdapter@CDocument@@UAEPAU__POSITION@@ABU_GUID@@K@Z 00403ae0 f i FaultSimDoc.obj
 0001:00002b60       ?GetContainer@CDocumentAdapter@CDocument@@UBEPAXXZ 00403b60 f i FaultSimDoc.obj
 0001:00002b80       ?GetThumbnail@CDocumentAdapter@CDocument@@UAEHIPAPAUHBITMAP__@@PAW4WTS_ALPHATYPE@@@Z 00403b80 f i FaultSimDoc.obj
 0001:00002c00       ?OnBeforeRichPreviewFontChanged@CDocument@@UAEXXZ 00403c00 f i FaultSimDoc.obj
 0001:00002c10       ?OnRichPreviewFontChanged@CDocument@@UAEXXZ 00403c10 f i FaultSimDoc.obj
 0001:00002c20       ?OnRichPreviewTextColorChanged@CDocument@@UAEXXZ 00403c20 f i FaultSimDoc.obj
 0001:00002c30       ?OnRichPreviewBackColorChanged@CDocument@@UAEXXZ 00403c30 f i FaultSimDoc.obj
 0001:00002c40       ?OnRichPreviewSiteChanged@CDocument@@UAEXXZ 00403c40 f i FaultSimDoc.obj
 0001:00002c50       ?InitializeSearchContent@CDocument@@UAEXXZ 00403c50 f i FaultSimDoc.obj
 0001:00002c90       ??_GCDocumentAdapter@CDocument@@UAEPAXI@Z 00403c90 f i FaultSimDoc.obj
 0001:00002c90       ??_ECDocumentAdapter@CDocument@@UAEPAXI@Z 00403c90 f i FaultSimDoc.obj
 0001:00002cc0       ??1CDocumentAdapter@CDocument@@UAE@XZ 00403cc0 f i FaultSimDoc.obj
 0001:00002d60       ?CreateObject@CFaultSimView@@SGPAVCObject@@XZ 00403d60 f   FaultSimView.obj
 0001:00002de0       ?_GetBaseClass@CFaultSimView@@KGPAUCRuntimeClass@@XZ 00403de0 f   FaultSimView.obj
 0001:00002df0       ?GetThisClass@CFaultSimView@@SGPAUCRuntimeClass@@XZ 00403df0 f   FaultSimView.obj
 0001:00002e00       ?GetRuntimeClass@CFaultSimView@@UBEPAUCRuntimeClass@@XZ 00403e00 f   FaultSimView.obj
 0001:00002e10       ?GetMessageMap@CFaultSimView@@MBEPBUAFX_MSGMAP@@XZ 00403e10 f   FaultSimView.obj
 0001:00002e20       ?GetThisMessageMap@CFaultSimView@@KGPBUAFX_MSGMAP@@XZ 00403e20 f   FaultSimView.obj
 0001:00002e30       ??0CFaultSimView@@IAE@XZ   00403e30 f   FaultSimView.obj
 0001:00002e50       ??1CFaultSimView@@UAE@XZ   00403e50 f   FaultSimView.obj
 0001:00002e70       ?OnDraw@CFaultSimView@@UAEXPAVCDC@@@Z 00403e70 f   FaultSimView.obj
 0001:000031c0       ?AssertValid@CFaultSimView@@UBEXXZ 004041c0 f   FaultSimView.obj
 0001:000031e0       ?Dump@CFaultSimView@@UBEXAAVCDumpContext@@@Z 004041e0 f   FaultSimView.obj
 0001:00003200       ?GetDocument@CFaultSimView@@QAEPAVCFaultSimDoc@@XZ 00404200 f   FaultSimView.obj
 0001:00003240       ?OnUpdate@CFaultSimView@@MAEXPAVCView@@JPAVCObject@@@Z 00404240 f   FaultSimView.obj
 0001:00003300       ?OnInitialUpdate@CFaultSimView@@UAEXXZ 00404300 f   FaultSimView.obj
 0001:000033f0       ??_ECFaultSimView@@UAEPAXI@Z 004043f0 f i FaultSimView.obj
 0001:000033f0       ??_GCFaultSimView@@UAEPAXI@Z 004043f0 f i FaultSimView.obj
 0001:00003420       ?abs@@YAJJ@Z               00404420 f i FaultSimView.obj
 0001:00003440       ?GenerateResponse@CGenerateData@@QAE?AW4genStatus@1@PAVCHttpRequestParser@@I@Z 00404440 f   GenerateData.obj
 0001:00003760       ?GenerateHTML@CGenerateData@@IAE?AW4genStatus@1@PBVCHttpRequestParser@@PBUCategoryMapping@@AAV?$CStringT@DV?$StrTraitMFC_DLL@DV?$ChTraitsCRT@D@ATL@@@@@ATL@@K@Z 00404760 f   GenerateData.obj
 0001:00003df0       ?GenerateArticle@CGenerateData@@IAE?AW4genStatus@1@PBVCHttpRequestParser@@PBUCategoryMapping@@PAPAXPAI@Z 00404df0 f   GenerateData.obj
 0001:000046d0       ?GenerateSummary@CGenerateData@@IAE?AW4genStatus@1@PAVCHttpRequestParser@@PBUCategoryMapping@@PAPAXPAI@Z 004056d0 f   GenerateData.obj
 0001:00004720       ?GeneratePhoto@CGenerateData@@IAE?AW4genStatus@1@PBVCHttpRequestParser@@PBUCategoryMapping@@PAPAXPAI@Z 00405720 f   GenerateData.obj
 0001:00004760       ?GenerateMap@CGenerateData@@IAE?AW4genStatus@1@PBVCHttpRequestParser@@PBUCategoryMapping@@PAPAXPAI@Z 00405760 f   GenerateData.obj
 0001:00004880       ?CreateDSheader@CGenerateData@@IAE?AW4genStatus@1@PBUCategoryMapping@@IAAV?$CStringT@DV?$StrTraitMFC_DLL@DV?$ChTraitsCRT@D@ATL@@@@@ATL@@I@Z 00405880 f   GenerateData.obj
 0001:00004970       ?GenerateBookMark@CGenerateData@@IAE?AW4genStatus@1@PBVCHttpRequestParser@@PBUCategoryMapping@@PAPAXPAII@Z 00405970 f   GenerateData.obj
 0001:00004d50       ?GenerateBookMarkURL@CGenerateData@@IAE?AW4genStatus@1@PBVCHttpRequestParser@@PBUCategoryMapping@@PAPAXPAI@Z 00405d50 f   GenerateData.obj
 0001:00004f00       ??HATL@@YA?AV?$CStringT@DV?$StrTraitMFC_DLL@DV?$ChTraitsCRT@D@ATL@@@@@0@ABV10@0@Z 00405f00 f i GenerateData.obj
 0001:00004fd0       ??0CStringParser@@QAE@PAUVerbPacket@@@Z 00405fd0 f   HttpRequestParser.obj
 0001:000051d0       ?Tokenize@CStringParser@@QAEIPBD@Z 004061d0 f   HttpRequestParser.obj
 0001:00005290       ??0CHttpRequestParser@@QAE@XZ 00406290 f   HttpRequestParser.obj
 0001:00005410       ?Reset@CHttpRequestParser@@QAEXXZ 00406410 f   HttpRequestParser.obj
 0001:000054e0       ?GotoEndOfLine@CHttpRequestParser@@AAEXPBDAAII@Z 004064e0 f   HttpRequestParser.obj
 0001:00005530       ?GetToken@CHttpRequestParser@@AAE?AV?$CStringT@DV?$StrTraitMFC_DLL@DV?$ChTraitsCRT@D@ATL@@@@@ATL@@PBDAAIIPAD@Z 00406530 f   HttpRequestParser.obj
 0001:000058d0       ?ParseRequestLine@CHttpRequestParser@@QAEHPAVCForwardObject@@@Z 004068d0 f   HttpRequestParser.obj
 0001:00005a10       ?ParseURI@CHttpRequestParser@@QAEHPAVCForwardObject@@@Z 00406a10 f   HttpRequestParser.obj
 0001:000066a0       ?ParseEntityHeader@CHttpRequestParser@@QAE?AW4httpStatus@@PAVCForwardObject@@@Z 004076a0 f   HttpRequestParser.obj
 0001:00006be0       ?GetMethod@CHttpRequestParser@@QBE?AW4httpMethods@@XZ 00407be0 f   HttpRequestParser.obj
 0001:00006c00       ?GetPort@CHttpRequestParser@@QBEIXZ 00407c00 f   HttpRequestParser.obj
 0001:00006c20       ?GetCategoryId@CHttpRequestParser@@QBEKXZ 00407c20 f   HttpRequestParser.obj
 0001:00006c40       ?GetLastId@CHttpRequestParser@@QBEKXZ 00407c40 f   HttpRequestParser.obj
 0001:00006c60       ?GetTargetAddress@CHttpRequestParser@@QBEPBDXZ 00407c60 f   HttpRequestParser.obj
 0001:00006c80       ?GetApplicationId@CHttpRequestParser@@QBEIXZ 00407c80 f   HttpRequestParser.obj
 0001:00006ca0       ?GetNumItems@CHttpRequestParser@@QBEIXZ 00407ca0 f   HttpRequestParser.obj
 0001:00006cc0       ?SetNumItems@CHttpRequestParser@@QAEXI@Z 00407cc0 f   HttpRequestParser.obj
 0001:00006ce0       ?GetContentLength@CHttpRequestParser@@QAEIXZ 00407ce0 f   HttpRequestParser.obj
 0001:00006d00       ?GetSearchArgs@CHttpRequestParser@@QBEPBVCStringList@@XZ 00407d00 f   HttpRequestParser.obj
 0001:00006d20       ??0CForwardObject@@QAE@I@Z 00407d20 f   HttpRequestParser.obj
 0001:00006db0       ?Reset@CForwardObject@@QAEXXZ 00407db0 f   HttpRequestParser.obj
 0001:00006df0       ??1CForwardObject@@UAE@XZ  00407df0 f   HttpRequestParser.obj
 0001:00006e60       ??4CForwardObject@@QAEXAAV0@@Z 00407e60 f   HttpRequestParser.obj
 0001:00006ee0       ??_ECForwardObject@@UAEPAXI@Z 00407ee0 f i HttpRequestParser.obj
 0001:00006ee0       ??_GCForwardObject@@UAEPAXI@Z 00407ee0 f i HttpRequestParser.obj
 0001:00006f10       ??HATL@@YA?AV?$CStringT@DV?$StrTraitMFC_DLL@DV?$ChTraitsCRT@D@ATL@@@@@0@ABV10@D@Z 00407f10 f i HttpRequestParser.obj
 0001:00006fc0       ?CreateObject@CListenThread@@SGPAVCObject@@XZ 00407fc0 f   ListenThread.obj
 0001:00007040       ?_GetBaseClass@CListenThread@@KGPAUCRuntimeClass@@XZ 00408040 f   ListenThread.obj
 0001:00007050       ?GetThisClass@CListenThread@@SGPAUCRuntimeClass@@XZ 00408050 f   ListenThread.obj
 0001:00007060       ?GetRuntimeClass@CListenThread@@UBEPAUCRuntimeClass@@XZ 00408060 f   ListenThread.obj
 0001:00007070       ??0CListenThread@@IAE@XZ   00408070 f   ListenThread.obj
 0001:00007130       ??1CListenThread@@MAE@XZ   00408130 f   ListenThread.obj
 0001:000071b0       ?InitInstance@CListenThread@@UAEHXZ 004081b0 f   ListenThread.obj
 0001:000073d0       ?ExitInstance@CListenThread@@UAEHXZ 004083d0 f   ListenThread.obj
 0001:00007450       ?SetupSocket@CListenThread@@IAEHH@Z 00408450 f   ListenThread.obj
 0001:000076b0       ?GetMessageMap@CListenThread@@MBEPBUAFX_MSGMAP@@XZ 004086b0 f   ListenThread.obj
 0001:000076c0       ?GetThisMessageMap@CListenThread@@KGPBUAFX_MSGMAP@@XZ 004086c0 f   ListenThread.obj
 0001:000076d0       ?OnAccept@CListenThread@@IAEXH@Z 004086d0 f   ListenThread.obj
 0001:000077e0       ?OnClose@CListenThread@@IAEXH@Z 004087e0 f   ListenThread.obj
 0001:000077f0       ?OnConnect@CListenThread@@IAEXH@Z 004087f0 f   ListenThread.obj
 0001:00007800       ?OnTimer@CListenThread@@IAEXPAUtagMSG@@@Z 00408800 f   ListenThread.obj
 0001:00007840       ?PreTranslateMessage@CListenThread@@UAEHPAUtagMSG@@@Z 00408840 f   ListenThread.obj
 0001:00007b90       ?OnIdle@CListenThread@@UAEHJ@Z 00408b90 f   ListenThread.obj
 0001:00007ba0       ?GetNumFaults@CListenThread@@QAEIXZ 00408ba0 f   ListenThread.obj
 0001:00007be0       ?GetFaults@CListenThread@@QAEPAIXZ 00408be0 f   ListenThread.obj
 0001:00007c20       ?OutputMessage@CListenThread@@IAEHPADW4messageType@@@Z 00408c20 f   ListenThread.obj
 0001:00007c90       ??_GCListenThread@@MAEPAXI@Z 00408c90 f i ListenThread.obj
 0001:00007c90       ??_ECListenThread@@MAEPAXI@Z 00408c90 f i ListenThread.obj
 0001:00007cc0       ?SetFaultLock@CWorkerThread@@QAEXPAU_RTL_CRITICAL_SECTION@@@Z 00408cc0 f i ListenThread.obj
 0001:00007ce0       ?SetParent@CWorkerThread@@QAEXPAVCListenThread@@@Z 00408ce0 f i ListenThread.obj
 0001:00007d00       ??0?$CList@HH@@QAE@H@Z     00408d00 f i ListenThread.obj
 0001:00007db0       ?GetCount@?$CList@HH@@QBEHXZ 00408db0 f i ListenThread.obj
 0001:00007dd0       ?IsEmpty@?$CList@HH@@QBEHXZ 00408dd0 f i ListenThread.obj
 0001:00007df0       ?RemoveHead@?$CList@HH@@QAEHXZ 00408df0 f i ListenThread.obj
 0001:00007ec0       ?AddHead@?$CList@HH@@QAEPAU__POSITION@@H@Z 00408ec0 f i ListenThread.obj
 0001:00007f30       ?AddTail@?$CList@HH@@QAEPAU__POSITION@@H@Z 00408f30 f i ListenThread.obj
 0001:00007fa0       ??1?$CList@HH@@UAE@XZ      00408fa0 f i ListenThread.obj
 0001:00008020       ?Serialize@?$CList@HH@@UAEXAAVCArchive@@@Z 00409020 f i ListenThread.obj
 0001:00008100       ?Dump@?$CList@HH@@UBEXAAVCDumpContext@@@Z 00409100 f i ListenThread.obj
 0001:000081a0       ?AssertValid@?$CList@HH@@UBEXXZ 004091a0 f i ListenThread.obj
 0001:00008250       ??_G?$CList@HH@@UAEPAXI@Z  00409250 f i ListenThread.obj
 0001:00008250       ??_E?$CList@HH@@UAEPAXI@Z  00409250 f i ListenThread.obj
 0001:00008280       ?RemoveAll@?$CList@HH@@QAEXXZ 00409280 f i ListenThread.obj
 0001:00008300       ?GetHeadPosition@?$CList@HH@@QBEPAU__POSITION@@XZ 00409300 f i ListenThread.obj
 0001:00008320       ?GetNext@?$CList@HH@@QAEAAHAAPAU__POSITION@@@Z 00409320 f i ListenThread.obj
 0001:00008370       ?NewNode@?$CList@HH@@IAEPAUCNode@1@PAU21@0@Z 00409370 f i ListenThread.obj
 0001:000084a0       ?data@CPlex@@QAEPAXXZ      004094a0 f i ListenThread.obj
 0001:000084c0       ??2@YAPAXIPAX@Z            004094c0 f i ListenThread.obj
 0001:000084d0       ?FreeNode@?$CList@HH@@IAEXPAUCNode@1@@Z 004094d0 f i ListenThread.obj
 0001:00008530       ??$SerializeElements@H@@YGXAAVCArchive@@PAHH@Z 00409530 f i ListenThread.obj
 0001:00008680       ??$DumpElements@H@@YGXAAVCDumpContext@@PBHH@Z 00409680 f i ListenThread.obj
 0001:00008710       ?CreateObject@CListenWindow@@SGPAVCObject@@XZ 00409710 f   ListenWindow.obj
 0001:00008790       ?_GetBaseClass@CListenWindow@@KGPAUCRuntimeClass@@XZ 00409790 f   ListenWindow.obj
 0001:000087a0       ?GetThisClass@CListenWindow@@SGPAUCRuntimeClass@@XZ 004097a0 f   ListenWindow.obj
 0001:000087b0       ?GetRuntimeClass@CListenWindow@@UBEPAUCRuntimeClass@@XZ 004097b0 f   ListenWindow.obj
 0001:000087c0       ??0CListenWindow@@IAE@XZ   004097c0 f   ListenWindow.obj
 0001:000087e0       ??1CListenWindow@@MAE@XZ   004097e0 f   ListenWindow.obj
 0001:00008800       ?GetMessageMap@CListenWindow@@MBEPBUAFX_MSGMAP@@XZ 00409800 f   ListenWindow.obj
 0001:00008810       ?GetThisMessageMap@CListenWindow@@KGPBUAFX_MSGMAP@@XZ 00409810 f   ListenWindow.obj
 0001:00008820       ?Create@CListenWindow@@UAEHPBD0KABUtagRECT@@PAVCMDIFrameWnd@@PAUCCreateContext@@@Z 00409820 f   ListenWindow.obj
 0001:00008860       ??_GCListenWindow@@MAEPAXI@Z 00409860 f i ListenWindow.obj
 0001:00008860       ??_ECListenWindow@@MAEPAXI@Z 00409860 f i ListenWindow.obj
 0001:00008890       ??1CMDIChildWnd@@UAE@XZ    00409890 f i ListenWindow.obj
 0001:000088b0       ?_GetBaseClass@CMainFrame@@KGPAUCRuntimeClass@@XZ 004098b0 f   MainFrm.obj
 0001:000088c0       ?GetThisClass@CMainFrame@@SGPAUCRuntimeClass@@XZ 004098c0 f   MainFrm.obj
 0001:000088d0       ?GetRuntimeClass@CMainFrame@@UBEPAUCRuntimeClass@@XZ 004098d0 f   MainFrm.obj
 0001:000088e0       ?GetMessageMap@CMainFrame@@MBEPBUAFX_MSGMAP@@XZ 004098e0 f   MainFrm.obj
 0001:000088f0       ?GetThisMessageMap@CMainFrame@@KGPBUAFX_MSGMAP@@XZ 004098f0 f   MainFrm.obj
 0001:00008900       ??0CMainFrame@@QAE@XZ      00409900 f   MainFrm.obj
 0001:00008980       ??1CMainFrame@@UAE@XZ      00409980 f   MainFrm.obj
 0001:00008a00       ?OnCreate@CMainFrame@@IAEHPAUtagCREATESTRUCTA@@@Z 00409a00 f   MainFrm.obj
 0001:00008b60       ?PreCreateWindow@CMainFrame@@UAEHAAUtagCREATESTRUCTA@@@Z 00409b60 f   MainFrm.obj
 0001:00008b80       ?AssertValid@CMainFrame@@UBEXXZ 00409b80 f   MainFrm.obj
 0001:00008ba0       ?Dump@CMainFrame@@UBEXAAVCDumpContext@@@Z 00409ba0 f   MainFrm.obj
 0001:00008bc0       ??_GCMainFrame@@UAEPAXI@Z  00409bc0 f i MainFrm.obj
 0001:00008bc0       ??_ECMainFrame@@UAEPAXI@Z  00409bc0 f i MainFrm.obj
 0001:00008bf0       ??1CMDIFrameWnd@@UAE@XZ    00409bf0 f i MainFrm.obj
 0001:00008c10       ?_AfxInitManaged@@YAHXZ    00409c10 f i StdAfx.obj
 0001:00008c20       ??0Thank_you@Define_the_symbol__ATL_MIXED@@QAE@XZ 00409c20 f i StdAfx.obj
 0001:00008c40       ?one@Thank_you@Define_the_symbol__ATL_MIXED@@UAEXXZ 00409c40 f i StdAfx.obj
 0001:00008c50       ?CreateObject@CWorkerThread@@SGPAVCObject@@XZ 00409c50 f   WorkerThread.obj
 0001:00008cd0       ?_GetBaseClass@CWorkerThread@@KGPAUCRuntimeClass@@XZ 00409cd0 f   WorkerThread.obj
 0001:00008ce0       ?GetThisClass@CWorkerThread@@SGPAUCRuntimeClass@@XZ 00409ce0 f   WorkerThread.obj
 0001:00008cf0       ?GetRuntimeClass@CWorkerThread@@UBEPAUCRuntimeClass@@XZ 00409cf0 f   WorkerThread.obj
 0001:00008d00       ?CreateObject@CForwardObject@@SGPAVCObject@@XZ 00409d00 f   WorkerThread.obj
 0001:00008d80       ?_GetBaseClass@CForwardObject@@KGPAUCRuntimeClass@@XZ 00409d80 f   WorkerThread.obj
 0001:00008d90       ?GetThisClass@CForwardObject@@SGPAUCRuntimeClass@@XZ 00409d90 f   WorkerThread.obj
 0001:00008da0       ?GetRuntimeClass@CForwardObject@@UBEPAUCRuntimeClass@@XZ 00409da0 f   WorkerThread.obj
 0001:00008db0       ??0CWorkerThread@@IAE@XZ   00409db0 f   WorkerThread.obj
 0001:00008f70       ??1CWorkerThread@@MAE@XZ   00409f70 f   WorkerThread.obj
 0001:00009030       ?InitInstance@CWorkerThread@@UAEHXZ 0040a030 f   WorkerThread.obj
 0001:00009220       ?ExitInstance@CWorkerThread@@UAEHXZ 0040a220 f   WorkerThread.obj
 0001:000092c0       ?GetMessageMap@CWorkerThread@@MBEPBUAFX_MSGMAP@@XZ 0040a2c0 f   WorkerThread.obj
 0001:000092d0       ?GetThisMessageMap@CWorkerThread@@KGPBUAFX_MSGMAP@@XZ 0040a2d0 f   WorkerThread.obj
 0001:000092e0       ?AcceptSocket@CWorkerThread@@IAEXPAUtagMSG@@@Z 0040a2e0 f   WorkerThread.obj
 0001:00009750       ?PreTranslateMessage@CWorkerThread@@UAEHPAUtagMSG@@@Z 0040a750 f   WorkerThread.obj
 0001:00009a80       ?OnTimer@CWorkerThread@@IAEXPAUtagMSG@@@Z 0040aa80 f   WorkerThread.obj
 0001:00009b30       ?OnConnect@CWorkerThread@@IAEXHI@Z 0040ab30 f   WorkerThread.obj
 0001:00009fb0       ?OnClose@CWorkerThread@@IAEXHI@Z 0040afb0 f   WorkerThread.obj
 0001:0000a170       ?OnReceive@CWorkerThread@@IAEXHI@Z 0040b170 f   WorkerThread.obj
 0001:0000a350       ?ReadSocket@CWorkerThread@@AAEHIPAVCForwardObject@@@Z 0040b350 f   WorkerThread.obj
 0001:0000a4e0       ?OnIdle@CWorkerThread@@UAEHJ@Z 0040b4e0 f   WorkerThread.obj
 0001:0000a4f0       ?ProcessClientData@CWorkerThread@@AAE?AW4httpStatus@@PAVCForwardObject@@@Z 0040b4f0 f   WorkerThread.obj
 0001:0000b700       ?ProcessServerData@CWorkerThread@@AAE?AW4httpStatus@@PAVCForwardObject@@@Z 0040c700 f   WorkerThread.obj
 0001:0000bb30       ?ForwardClientRequest@CWorkerThread@@AAE?AW4httpStatus@@PAVCForwardObject@@@Z 0040cb30 f   WorkerThread.obj
 0001:0000be20       ?ExitThread@CWorkerThread@@AAEXXZ 0040ce20 f   WorkerThread.obj
 0001:0000bf50       ?OutputMessage@CWorkerThread@@AAEXPADW4messageType@@@Z 0040cf50 f   WorkerThread.obj
 0001:0000bf90       ?OutputMessage@CWorkerThread@@AAEXPBDW4messageType@@@Z 0040cf90 f   WorkerThread.obj
 0001:0000c000       ??_ECWorkerThread@@MAEPAXI@Z 0040d000 f i WorkerThread.obj
 0001:0000c000       ??_GCWorkerThread@@MAEPAXI@Z 0040d000 f i WorkerThread.obj
 0001:0000c030       ??1CHttpRequestParser@@QAE@XZ 0040d030 f i WorkerThread.obj
 0001:0000c0b0       ?strstr@@YAPADPADPBD@Z     0040d0b0 f i WorkerThread.obj
 0001:0000c0d0       ??0?$CList@PAVCForwardObject@@PAV1@@@QAE@H@Z 0040d0d0 f i WorkerThread.obj
 0001:0000c180       ?IsEmpty@?$CList@PAVCForwardObject@@PAV1@@@QBEHXZ 0040d180 f i WorkerThread.obj
 0001:0000c1a0       ?RemoveHead@?$CList@PAVCForwardObject@@PAV1@@@QAEPAVCForwardObject@@XZ 0040d1a0 f i WorkerThread.obj
 0001:0000c270       ?AddTail@?$CList@PAVCForwardObject@@PAV1@@@QAEPAU__POSITION@@PAVCForwardObject@@@Z 0040d270 f i WorkerThread.obj
 0001:0000c2e0       ??1?$CList@PAVCForwardObject@@PAV1@@@UAE@XZ 0040d2e0 f i WorkerThread.obj
 0001:0000c360       ?Serialize@?$CList@PAVCForwardObject@@PAV1@@@UAEXAAVCArchive@@@Z 0040d360 f i WorkerThread.obj
 0001:0000c440       ?Dump@?$CList@PAVCForwardObject@@PAV1@@@UBEXAAVCDumpContext@@@Z 0040d440 f i WorkerThread.obj
 0001:0000c4e0       ?AssertValid@?$CList@PAVCForwardObject@@PAV1@@@UBEXXZ 0040d4e0 f i WorkerThread.obj
 0001:0000c590       ??_G?$CList@PAVCForwardObject@@PAV1@@@UAEPAXI@Z 0040d590 f i WorkerThread.obj
 0001:0000c590       ??_E?$CList@PAVCForwardObject@@PAV1@@@UAEPAXI@Z 0040d590 f i WorkerThread.obj
 0001:0000c5c0       ?RemoveAll@?$CList@PAVCForwardObject@@PAV1@@@QAEXXZ 0040d5c0 f i WorkerThread.obj
 0001:0000c640       ?GetHeadPosition@?$CList@PAVCForwardObject@@PAV1@@@QBEPAU__POSITION@@XZ 0040d640 f i WorkerThread.obj
 0001:0000c660       ?GetNext@?$CList@PAVCForwardObject@@PAV1@@@QAEAAPAVCForwardObject@@AAPAU__POSITION@@@Z 0040d660 f i WorkerThread.obj
 0001:0000c6b0       ?NewNode@?$CList@PAVCForwardObject@@PAV1@@@IAEPAUCNode@1@PAU21@0@Z 0040d6b0 f i WorkerThread.obj
 0001:0000c7e0       ?FreeNode@?$CList@PAVCForwardObject@@PAV1@@@IAEXPAUCNode@1@@Z 0040d7e0 f i WorkerThread.obj
 0001:0000c840       ??$SerializeElements@PAVCForwardObject@@@@YGXAAVCArchive@@PAPAVCForwardObject@@H@Z 0040d840 f i WorkerThread.obj
 0001:0000c990       ??$DumpElements@PAVCForwardObject@@@@YGXAAVCDumpContext@@PBQAVCForwardObject@@H@Z 0040d990 f i WorkerThread.obj
 0001:0000ca18       ??3@YAXPAX@Z               0040da18 f   mfc100d:mfc100d.dll
 0001:0000ca1e       ??1?$CStringT@DV?$StrTraitMFC_DLL@DV?$ChTraitsCRT@D@ATL@@@@@ATL@@QAE@XZ 0040da1e f   mfc100d:mfc100d.dll
 0001:0000ca24       ??1CDialog@@UAE@XZ         0040da24 f   mfc100d:mfc100d.dll
 0001:0000ca2a       ??4?$CStringT@DV?$StrTraitMFC_DLL@DV?$ChTraitsCRT@D@ATL@@@@@ATL@@QAEAAV01@PBD@Z 0040da2a f   mfc100d:mfc100d.dll
 0001:0000ca30       ??0?$CStringT@DV?$StrTraitMFC_DLL@DV?$ChTraitsCRT@D@ATL@@@@@ATL@@QAE@XZ 0040da30 f   mfc100d:mfc100d.dll
 0001:0000ca36       ??0CDialog@@QAE@IPAVCWnd@@@Z 0040da36 f   mfc100d:mfc100d.dll
 0001:0000ca3c       ?GetRuntimeClass@CDialog@@UBEPAUCRuntimeClass@@XZ 0040da3c f   mfc100d:mfc100d.dll
 0001:0000ca42       ?Serialize@CObject@@UAEXAAVCArchive@@@Z 0040da42 f   mfc100d:mfc100d.dll
 0001:0000ca48       ?AssertValid@CDialog@@UBEXXZ 0040da48 f   mfc100d:mfc100d.dll
 0001:0000ca4e       ?Dump@CDialog@@UBEXAAVCDumpContext@@@Z 0040da4e f   mfc100d:mfc100d.dll
 0001:0000ca54       ?OnCmdMsg@CDialog@@UAEHIHPAXPAUAFX_CMDHANDLERINFO@@@Z 0040da54 f   mfc100d:mfc100d.dll
 0001:0000ca5a       ?OnFinalRelease@CWnd@@UAEXXZ 0040da5a f   mfc100d:mfc100d.dll
 0001:0000ca60       ?IsInvokeAllowed@CCmdTarget@@UAEHJ@Z 0040da60 f   mfc100d:mfc100d.dll
 0001:0000ca66       ?GetDispatchIID@CCmdTarget@@UAEHPAU_GUID@@@Z 0040da66 f   mfc100d:mfc100d.dll
 0001:0000ca6c       ?GetTypeInfoCount@CCmdTarget@@UAEIXZ 0040da6c f   mfc100d:mfc100d.dll
 0001:0000ca72       ?GetTypeLibCache@CCmdTarget@@UAEPAVCTypeLibCache@@XZ 0040da72 f   mfc100d:mfc100d.dll
 0001:0000ca78       ?GetTypeLib@CCmdTarget@@UAEJKPAPAUITypeLib@@@Z 0040da78 f   mfc100d:mfc100d.dll
 0001:0000ca7e       ?GetCommandMap@CCmdTarget@@MBEPBUAFX_OLECMDMAP@@XZ 0040da7e f   mfc100d:mfc100d.dll
 0001:0000ca84       ?GetDispatchMap@CCmdTarget@@MBEPBUAFX_DISPMAP@@XZ 0040da84 f   mfc100d:mfc100d.dll
 0001:0000ca8a       ?GetConnectionMap@CCmdTarget@@MBEPBUAFX_CONNECTIONMAP@@XZ 0040da8a f   mfc100d:mfc100d.dll
 0001:0000ca90       ?GetInterfaceMap@CWnd@@MBEPBUAFX_INTERFACEMAP@@XZ 0040da90 f   mfc100d:mfc100d.dll
 0001:0000ca96       ?GetEventSinkMap@CCmdTarget@@MBEPBUAFX_EVENTSINKMAP@@XZ 0040da96 f   mfc100d:mfc100d.dll
 0001:0000ca9c       ?OnCreateAggregates@CCmdTarget@@UAEHXZ 0040da9c f   mfc100d:mfc100d.dll
 0001:0000caa2       ?GetInterfaceHook@CCmdTarget@@UAEPAUIUnknown@@PBX@Z 0040daa2 f   mfc100d:mfc100d.dll
 0001:0000caa8       ?GetExtraConnectionPoints@CCmdTarget@@MAEHPAVCPtrArray@@@Z 0040daa8 f   mfc100d:mfc100d.dll
 0001:0000caae       ?GetConnectionHook@CCmdTarget@@MAEPAUIConnectionPoint@@ABU_GUID@@@Z 0040daae f   mfc100d:mfc100d.dll
 0001:0000cab4       ?PreSubclassWindow@CWnd@@UAEXXZ 0040dab4 f   mfc100d:mfc100d.dll
 0001:0000caba       ?Create@CWnd@@UAEHPBD0KABUtagRECT@@PAV1@IPAUCCreateContext@@@Z 0040daba f   mfc100d:mfc100d.dll
 0001:0000cac0       ?CreateEx@CWnd@@UAEHKPBD0KABUtagRECT@@PAV1@IPAX@Z 0040dac0 f   mfc100d:mfc100d.dll
 0001:0000cac6       ?CreateEx@CWnd@@UAEHKPBD0KHHHHPAUHWND__@@PAUHMENU__@@PAX@Z 0040dac6 f   mfc100d:mfc100d.dll
 0001:0000cacc       ?DestroyWindow@CWnd@@UAEHXZ 0040dacc f   mfc100d:mfc100d.dll
 0001:0000cad2       ?PreCreateWindow@CWnd@@UAEHAAUtagCREATESTRUCTA@@@Z 0040dad2 f   mfc100d:mfc100d.dll
 0001:0000cad8       ?CalcWindowRect@CWnd@@UAEXPAUtagRECT@@I@Z 0040dad8 f   mfc100d:mfc100d.dll
 0001:0000cade       ?GetMenu@CWnd@@UBEPAVCMenu@@XZ 0040dade f   mfc100d:mfc100d.dll
 0001:0000cae4       ?SetMenu@CWnd@@UAEHPAVCMenu@@@Z 0040dae4 f   mfc100d:mfc100d.dll
 0001:0000caea       ?OnToolHitTest@CWnd@@UBEHVCPoint@@PAUtagTOOLINFOA@@@Z 0040daea f   mfc100d:mfc100d.dll
 0001:0000caf0       ?GetScrollBarCtrl@CWnd@@UBEPAVCScrollBar@@H@Z 0040daf0 f   mfc100d:mfc100d.dll
 0001:0000caf6       ?WinHelpA@CWnd@@UAEXKI@Z   0040daf6 f   mfc100d:mfc100d.dll
 0001:0000cafc       ?HtmlHelpA@CWnd@@UAEXKI@Z  0040dafc f   mfc100d:mfc100d.dll
 0001:0000cb02       ?WinHelpInternal@CWnd@@UAEXKI@Z 0040db02 f   mfc100d:mfc100d.dll
 0001:0000cb08       ?ContinueModal@CWnd@@UAEHXZ 0040db08 f   mfc100d:mfc100d.dll
 0001:0000cb0e       ?EndModalLoop@CWnd@@UAEXH@Z 0040db0e f   mfc100d:mfc100d.dll
 0001:0000cb14       ?OnDrawIconicThumbnailOrLivePreview@CWnd@@UAEXAAVCDC@@VCRect@@VCSize@@HAAH@Z 0040db14 f   mfc100d:mfc100d.dll
 0001:0000cb1a       ?EnsureStdObj@CWnd@@UAEJXZ 0040db1a f   mfc100d:mfc100d.dll
 0001:0000cb20       ?get_accParent@CWnd@@UAEJPAPAUIDispatch@@@Z 0040db20 f   mfc100d:mfc100d.dll
 0001:0000cb26       ?get_accChildCount@CWnd@@UAEJPAJ@Z 0040db26 f   mfc100d:mfc100d.dll
 0001:0000cb2c       ?get_accChild@CWnd@@UAEJUtagVARIANT@@PAPAUIDispatch@@@Z 0040db2c f   mfc100d:mfc100d.dll
 0001:0000cb32       ?get_accName@CWnd@@UAEJUtagVARIANT@@PAPA_W@Z 0040db32 f   mfc100d:mfc100d.dll
 0001:0000cb38       ?get_accValue@CWnd@@UAEJUtagVARIANT@@PAPA_W@Z 0040db38 f   mfc100d:mfc100d.dll
 0001:0000cb3e       ?get_accDescription@CWnd@@UAEJUtagVARIANT@@PAPA_W@Z 0040db3e f   mfc100d:mfc100d.dll
 0001:0000cb44       ?get_accRole@CWnd@@UAEJUtagVARIANT@@PAU2@@Z 0040db44 f   mfc100d:mfc100d.dll
 0001:0000cb4a       ?get_accState@CWnd@@UAEJUtagVARIANT@@PAU2@@Z 0040db4a f   mfc100d:mfc100d.dll
 0001:0000cb50       ?get_accHelp@CWnd@@UAEJUtagVARIANT@@PAPA_W@Z 0040db50 f   mfc100d:mfc100d.dll
 0001:0000cb56       ?get_accHelpTopic@CWnd@@UAEJPAPA_WUtagVARIANT@@PAJ@Z 0040db56 f   mfc100d:mfc100d.dll
 0001:0000cb5c       ?get_accKeyboardShortcut@CWnd@@UAEJUtagVARIANT@@PAPA_W@Z 0040db5c f   mfc100d:mfc100d.dll
 0001:0000cb62       ?get_accFocus@CWnd@@UAEJPAUtagVARIANT@@@Z 0040db62 f   mfc100d:mfc100d.dll
 0001:0000cb68       ?get_accSelection@CWnd@@UAEJPAUtagVARIANT@@@Z 0040db68 f   mfc100d:mfc100d.dll
 0001:0000cb6e       ?get_accDefaultAction@CWnd@@UAEJUtagVARIANT@@PAPA_W@Z 0040db6e f   mfc100d:mfc100d.dll
 0001:0000cb74       ?accSelect@CWnd@@UAEJJUtagVARIANT@@@Z 0040db74 f   mfc100d:mfc100d.dll
 0001:0000cb7a       ?accLocation@CWnd@@UAEJPAJ000UtagVARIANT@@@Z 0040db7a f   mfc100d:mfc100d.dll
 0001:0000cb80       ?accNavigate@CWnd@@UAEJJUtagVARIANT@@PAU2@@Z 0040db80 f   mfc100d:mfc100d.dll
 0001:0000cb86       ?accHitTest@CWnd@@UAEJJJPAUtagVARIANT@@@Z 0040db86 f   mfc100d:mfc100d.dll
 0001:0000cb8c       ?accDoDefaultAction@CWnd@@UAEJUtagVARIANT@@@Z 0040db8c f   mfc100d:mfc100d.dll
 0001:0000cb92       ?put_accName@CWnd@@UAEJUtagVARIANT@@PA_W@Z 0040db92 f   mfc100d:mfc100d.dll
 0001:0000cb98       ?put_accValue@CWnd@@UAEJUtagVARIANT@@PA_W@Z 0040db98 f   mfc100d:mfc100d.dll
 0001:0000cb9e       ?SetProxy@CWnd@@UAEJPAUIAccessibleProxy@@@Z 0040db9e f   mfc100d:mfc100d.dll
 0001:0000cba4       ?CreateAccessibleProxy@CWnd@@UAEJIJPAJ@Z 0040dba4 f   mfc100d:mfc100d.dll
 0001:0000cbaa       ?OnCommand@CWnd@@MAEHIJ@Z  0040dbaa f   mfc100d:mfc100d.dll
 0001:0000cbb0       ?OnNotify@CWnd@@MAEHIJPAJ@Z 0040dbb0 f   mfc100d:mfc100d.dll
 0001:0000cbb6       ?GetSuperWndProcAddr@CWnd@@MAEPAP6GJPAUHWND__@@IIJ@ZXZ 0040dbb6 f   mfc100d:mfc100d.dll
 0001:0000cbbc       ?BeginModalState@CWnd@@UAEXXZ 0040dbbc f   mfc100d:mfc100d.dll
 0001:0000cbc2       ?EndModalState@CWnd@@UAEXXZ 0040dbc2 f   mfc100d:mfc100d.dll
 0001:0000cbc8       ?PreTranslateMessage@CDialog@@UAEHPAUtagMSG@@@Z 0040dbc8 f   mfc100d:mfc100d.dll
 0001:0000cbce       ?OnAmbientProperty@CWnd@@UAEHPAVCOleControlSite@@JPAUtagVARIANT@@@Z 0040dbce f   mfc100d:mfc100d.dll
 0001:0000cbd4       ?WindowProc@CWnd@@MAEJIIJ@Z 0040dbd4 f   mfc100d:mfc100d.dll
 0001:0000cbda       ?OnWndMsg@CWnd@@MAEHIIJPAJ@Z 0040dbda f   mfc100d:mfc100d.dll
 0001:0000cbe0       ?DefWindowProcA@CWnd@@MAEJIIJ@Z 0040dbe0 f   mfc100d:mfc100d.dll
 0001:0000cbe6       ?PostNcDestroy@CWnd@@MAEXXZ 0040dbe6 f   mfc100d:mfc100d.dll
 0001:0000cbec       ?OnChildNotify@CWnd@@MAEHIIJPAJ@Z 0040dbec f   mfc100d:mfc100d.dll
 0001:0000cbf2       ?OnTouchInputs@CWnd@@MAEHIPAUtagTOUCHINPUT@@@Z 0040dbf2 f   mfc100d:mfc100d.dll
 0001:0000cbf8       ?OnTouchInput@CWnd@@MAEHVCPoint@@HHPAUtagTOUCHINPUT@@@Z 0040dbf8 f   mfc100d:mfc100d.dll
 0001:0000cbfe       ?GetGestureStatus@CWnd@@MAEKVCPoint@@@Z 0040dbfe f   mfc100d:mfc100d.dll
 0001:0000cc04       ?OnGestureZoom@CWnd@@MAEHVCPoint@@J@Z 0040dc04 f   mfc100d:mfc100d.dll
 0001:0000cc0a       ?OnGesturePan@CWnd@@MAEHVCPoint@@0@Z 0040dc0a f   mfc100d:mfc100d.dll
 0001:0000cc10       ?OnGestureRotate@CWnd@@MAEHVCPoint@@N@Z 0040dc10 f   mfc100d:mfc100d.dll
 0001:0000cc16       ?OnGestureTwoFingerTap@CWnd@@MAEHVCPoint@@@Z 0040dc16 f   mfc100d:mfc100d.dll
 0001:0000cc1c       ?OnGesturePressAndTap@CWnd@@MAEHVCPoint@@J@Z 0040dc1c f   mfc100d:mfc100d.dll
 0001:0000cc22       ?CheckAutoCenter@CDialog@@UAEHXZ 0040dc22 f   mfc100d:mfc100d.dll
 0001:0000cc28       ?IsFrameWnd@CWnd@@UBEHXZ   0040dc28 f   mfc100d:mfc100d.dll
 0001:0000cc2e       ?CreateControlContainer@CWnd@@MAEHPAPAVCOleControlContainer@@@Z 0040dc2e f   mfc100d:mfc100d.dll
 0001:0000cc34       ?CreateControlSite@CWnd@@MAEHPAVCOleControlContainer@@PAPAVCOleControlSite@@IABU_GUID@@@Z 0040dc34 f   mfc100d:mfc100d.dll
 0001:0000cc3a       ?SetOccDialogInfo@CDialog@@MAEHPAU_AFX_OCC_DIALOG_INFO@@@Z 0040dc3a f   mfc100d:mfc100d.dll
 0001:0000cc40       ?GetOccDialogInfo@CDialog@@MAEPAU_AFX_OCC_DIALOG_INFO@@XZ 0040dc40 f   mfc100d:mfc100d.dll
 0001:0000cc46       ?Create@CDialog@@UAEHIPAVCWnd@@@Z 0040dc46 f   mfc100d:mfc100d.dll
 0001:0000cc4c       ?Create@CDialog@@UAEHPBDPAVCWnd@@@Z 0040dc4c f   mfc100d:mfc100d.dll
 0001:0000cc52       ?CreateIndirect@CDialog@@UAEHPAXPAVCWnd@@@Z 0040dc52 f   mfc100d:mfc100d.dll
 0001:0000cc58       ?CreateIndirect@CDialog@@UAEHPBUDLGTEMPLATE@@PAVCWnd@@PAX@Z 0040dc58 f   mfc100d:mfc100d.dll
 0001:0000cc5e       ?DoModal@CDialog@@UAEHXZ   0040dc5e f   mfc100d:mfc100d.dll
 0001:0000cc64       ?OnSetFont@CDialog@@UAEXPAVCFont@@@Z 0040dc64 f   mfc100d:mfc100d.dll
 0001:0000cc6a       ?OnCancel@CDialog@@MAEXXZ  0040dc6a f   mfc100d:mfc100d.dll
 0001:0000cc70       ?PreInitDialog@CDialog@@MAEXXZ 0040dc70 f   mfc100d:mfc100d.dll
 0001:0000cc76       ??3CObject@@SGXPAX@Z       0040dc76 f   mfc100d:mfc100d.dll
 0001:0000cc7c       ?DDX_Text@@YGXPAVCDataExchange@@HAAV?$CStringT@DV?$StrTraitMFC_DLL@DV?$ChTraitsCRT@D@ATL@@@@@ATL@@@Z 0040dc7c f   mfc100d:mfc100d.dll
 0001:0000cc82       ?DoDataExchange@CWnd@@MAEXPAVCDataExchange@@@Z 0040dc82 f   mfc100d:mfc100d.dll
 0001:0000cc88       ?GetThisMessageMap@CDialog@@KGPBUAFX_MSGMAP@@XZ 0040dc88 f   mfc100d:mfc100d.dll
 0001:0000cc8e       ?SendDlgItemMessageA@CWnd@@QAEJHIIJ@Z 0040dc8e f   mfc100d:mfc100d.dll
 0001:0000cc94       ??B?$CSimpleStringT@D$00@ATL@@QBEPBDXZ 0040dc94 f   mfc100d:mfc100d.dll
 0001:0000cc9a       ?OnInitDialog@CDialog@@UAEHXZ 0040dc9a f   mfc100d:mfc100d.dll
 0001:0000cca0       ??_V@YAXPAX@Z              0040dca0 f   mfc100d:mfc100d.dll
 0001:0000cca6       ?OnOK@CDialog@@MAEXXZ      0040dca6 f   mfc100d:mfc100d.dll
 0001:0000ccac       ??_U@YAPAXIPBDH@Z          0040dcac f   mfc100d:mfc100d.dll
 0001:0000ccb2       ?UpdateData@CWnd@@QAEHH@Z  0040dcb2 f   mfc100d:mfc100d.dll
 0001:0000ccb8       ?GetThisMessageMap@CWinApp@@KGPBUAFX_MSGMAP@@XZ 0040dcb8 f   mfc100d:mfc100d.dll
 0001:0000ccbe       ?OnFileNew@CWinApp@@IAEXXZ 0040dcbe f   mfc100d:mfc100d.dll
 0001:0000ccc4       ?OnFileOpen@CWinApp@@IAEXXZ 0040dcc4 f   mfc100d:mfc100d.dll
 0001:0000ccca       ?OnFilePrintSetup@CWinApp@@IAEXXZ 0040dcca f   mfc100d:mfc100d.dll
 0001:0000ccd0       ??0CWinApp@@QAE@PBD@Z      0040dcd0 f   mfc100d:mfc100d.dll
 0001:0000ccd6       ?GetRuntimeClass@CWinApp@@UBEPAUCRuntimeClass@@XZ 0040dcd6 f   mfc100d:mfc100d.dll
 0001:0000ccdc       ?AssertValid@CWinApp@@UBEXXZ 0040dcdc f   mfc100d:mfc100d.dll
 0001:0000cce2       ?Dump@CWinApp@@UBEXAAVCDumpContext@@@Z 0040dce2 f   mfc100d:mfc100d.dll
 0001:0000cce8       ?OnCmdMsg@CCmdTarget@@UAEHIHPAXPAUAFX_CMDHANDLERINFO@@@Z 0040dce8 f   mfc100d:mfc100d.dll
 0001:0000ccee       ?OnFinalRelease@CCmdTarget@@UAEXXZ 0040dcee f   mfc100d:mfc100d.dll
 0001:0000ccf4       ?GetInterfaceMap@CCmdTarget@@MBEPBUAFX_INTERFACEMAP@@XZ 0040dcf4 f   mfc100d:mfc100d.dll
 0001:0000ccfa       ?Run@CWinApp@@UAEHXZ       0040dcfa f   mfc100d:mfc100d.dll
 0001:0000cd00       ?PumpMessage@CWinThread@@UAEHXZ 0040dd00 f   mfc100d:mfc100d.dll
 0001:0000cd06       ?OnIdle@CWinApp@@UAEHJ@Z   0040dd06 f   mfc100d:mfc100d.dll
 0001:0000cd0c       ?IsIdleMessage@CWinThread@@UAEHPAUtagMSG@@@Z 0040dd0c f   mfc100d:mfc100d.dll
 0001:0000cd12       ?ExitInstance@CWinApp@@UAEHXZ 0040dd12 f   mfc100d:mfc100d.dll
 0001:0000cd18       ?ProcessWndProcException@CWinApp@@UAEJPAVCException@@PBUtagMSG@@@Z 0040dd18 f   mfc100d:mfc100d.dll
 0001:0000cd1e       ?ProcessMessageFilter@CWinThread@@UAEHHPAUtagMSG@@@Z 0040dd1e f   mfc100d:mfc100d.dll
 0001:0000cd24       ?GetMainWnd@CWinThread@@UAEPAVCWnd@@XZ 0040dd24 f   mfc100d:mfc100d.dll
 0001:0000cd2a       ?Delete@CWinThread@@UAEXXZ 0040dd2a f   mfc100d:mfc100d.dll
 0001:0000cd30       ?GetProfileIntA@CWinApp@@UAEIPBD0H@Z 0040dd30 f   mfc100d:mfc100d.dll
 0001:0000cd36       ?WriteProfileInt@CWinApp@@UAEHPBD0H@Z 0040dd36 f   mfc100d:mfc100d.dll
 0001:0000cd3c       ?GetProfileStringA@CWinApp@@UAE?AV?$CStringT@DV?$StrTraitMFC_DLL@DV?$ChTraitsCRT@D@ATL@@@@@ATL@@PBD00@Z 0040dd3c f   mfc100d:mfc100d.dll
 0001:0000cd42       ?WriteProfileStringA@CWinApp@@UAEHPBD00@Z 0040dd42 f   mfc100d:mfc100d.dll
 0001:0000cd48       ?GetProfileBinary@CWinApp@@UAEHPBD0PAPAEPAI@Z 0040dd48 f   mfc100d:mfc100d.dll
 0001:0000cd4e       ?WriteProfileBinary@CWinApp@@UAEHPBD0PAEI@Z 0040dd4e f   mfc100d:mfc100d.dll
 0001:0000cd54       ?InitLibId@CWinApp@@UAEXXZ 0040dd54 f   mfc100d:mfc100d.dll
 0001:0000cd5a       ?Register@CWinApp@@UAEHXZ  0040dd5a f   mfc100d:mfc100d.dll
 0001:0000cd60       ?Unregister@CWinApp@@UAEHXZ 0040dd60 f   mfc100d:mfc100d.dll
 0001:0000cd66       ?OpenDocumentFile@CWinApp@@UAEPAVCDocument@@PBDH@Z 0040dd66 f   mfc100d:mfc100d.dll
 0001:0000cd6c       ?OpenDocumentFile@CWinApp@@UAEPAVCDocument@@PBD@Z 0040dd6c f   mfc100d:mfc100d.dll
 0001:0000cd72       ?AddToRecentFileList@CWinApp@@UAEXPBD@Z 0040dd72 f   mfc100d:mfc100d.dll
 0001:0000cd78       ?InitApplication@CWinApp@@UAEHXZ 0040dd78 f   mfc100d:mfc100d.dll
 0001:0000cd7e       ?SaveAllModified@CWinApp@@UAEHXZ 0040dd7e f   mfc100d:mfc100d.dll
 0001:0000cd84       ?DoMessageBox@CWinApp@@UAEHPBDII@Z 0040dd84 f   mfc100d:mfc100d.dll
 0001:0000cd8a       ?DoWaitCursor@CWinApp@@UAEXH@Z 0040dd8a f   mfc100d:mfc100d.dll
 0001:0000cd90       ?OnDDECommand@CWinApp@@UAEHPAD@Z 0040dd90 f   mfc100d:mfc100d.dll
 0001:0000cd96       ?WinHelpA@CWinApp@@UAEXKI@Z 0040dd96 f   mfc100d:mfc100d.dll
 0001:0000cd9c       ?HtmlHelpA@CWinApp@@UAEXKI@Z 0040dd9c f   mfc100d:mfc100d.dll
 0001:0000cda2       ?WinHelpInternal@CWinApp@@UAEXKI@Z 0040dda2 f   mfc100d:mfc100d.dll
 0001:0000cda8       ?RegisterWithRestartManager@CWinApp@@UAEJPB_WKP6GKPAX@Z1KK@Z 0040dda8 f   mfc100d:mfc100d.dll
 0001:0000cdae       ?RegisterWithRestartManager@CWinApp@@UAEJHABV?$CStringT@DV?$StrTraitMFC_DLL@DV?$ChTraitsCRT@D@ATL@@@@@ATL@@@Z 0040ddae f   mfc100d:mfc100d.dll
 0001:0000cdb4       ?ApplicationRecoveryCallback@CWinApp@@UAEKPAX@Z 0040ddb4 f   mfc100d:mfc100d.dll
 0001:0000cdba       ?GetDataRecoveryHandler@CWinApp@@UAEPAVCDataRecoveryHandler@@XZ 0040ddba f   mfc100d:mfc100d.dll
 0001:0000cdc0       ?IsTaskbarInteractionEnabled@CWinApp@@UAEHXZ 0040ddc0 f   mfc100d:mfc100d.dll
 0001:0000cdc6       ?RestartInstance@CWinApp@@UAEHXZ 0040ddc6 f   mfc100d:mfc100d.dll
 0001:0000cdcc       ?LoadAppLangResourceDLL@CWinApp@@UAEPAUHINSTANCE__@@XZ 0040ddcc f   mfc100d:mfc100d.dll
 0001:0000cdd2       ?LoadSysPolicies@CWinApp@@UAEHXZ 0040ddd2 f   mfc100d:mfc100d.dll
 0001:0000cdd8       ??1CWinApp@@UAE@XZ         0040ddd8 f   mfc100d:mfc100d.dll
 0001:0000cdde       ??3CObject@@SGXPAXPBDH@Z   0040ddde f   mfc100d:mfc100d.dll
 0001:0000cde4       ?UpdateWindow@CWnd@@QAEXXZ 0040dde4 f   mfc100d:mfc100d.dll
 0001:0000cdea       ?ShowWindow@CWnd@@QAEHH@Z  0040ddea f   mfc100d:mfc100d.dll
 0001:0000cdf0       ??1CCommandLineInfo@@UAE@XZ 0040ddf0 f   mfc100d:mfc100d.dll
 0001:0000cdf6       ?ProcessShellCommand@CWinApp@@QAEHAAVCCommandLineInfo@@@Z 0040ddf6 f   mfc100d:mfc100d.dll
 0001:0000cdfc       ?ParseCommandLine@CWinApp@@QAEXAAVCCommandLineInfo@@@Z 0040ddfc f   mfc100d:mfc100d.dll
 0001:0000ce02       ??0CCommandLineInfo@@QAE@XZ 0040de02 f   mfc100d:mfc100d.dll
 0001:0000ce08       ?AddDocTemplate@CWinApp@@QAEXPAVCDocTemplate@@@Z 0040de08 f   mfc100d:mfc100d.dll
 0001:0000ce0e       ??0CMultiDocTemplate@@QAE@IPAUCRuntimeClass@@00@Z 0040de0e f   mfc100d:mfc100d.dll
 0001:0000ce14       ??2CObject@@SGPAXIPBDH@Z   0040de14 f   mfc100d:mfc100d.dll
 0001:0000ce1a       ?LoadStdProfileSettings@CWinApp@@IAEXI@Z 0040de1a f   mfc100d:mfc100d.dll
 0001:0000ce20       ?Enable3dControls@CWinApp@@IAEHXZ 0040de20 f   mfc100d:mfc100d.dll
 0001:0000ce26       ?AfxMessageBox@@YGHIII@Z   0040de26 f   mfc100d:mfc100d.dll
 0001:0000ce2c       ?PreTranslateMessage@CWinThread@@UAEHPAUtagMSG@@@Z 0040de2c f   mfc100d:mfc100d.dll
 0001:0000ce32       ?UpdateAllViews@CDocument@@QAEXPAVCView@@JPAVCObject@@@Z 0040de32 f   mfc100d:mfc100d.dll
 0001:0000ce38       ?GetTitle@CDocument@@QBEABV?$CStringT@DV?$StrTraitMFC_DLL@DV?$ChTraitsCRT@D@ATL@@@@@ATL@@XZ 0040de38 f   mfc100d:mfc100d.dll
 0001:0000ce3e       ?AfxMessageBox@@YGHPBDII@Z 0040de3e f   mfc100d:mfc100d.dll
 0001:0000ce44       ?GetNextDocTemplate@CWinApp@@QBEPAVCDocTemplate@@AAPAU__POSITION@@@Z 0040de44 f   mfc100d:mfc100d.dll
 0001:0000ce4a       ?GetFirstDocTemplatePosition@CWinApp@@QBEPAU__POSITION@@XZ 0040de4a f   mfc100d:mfc100d.dll
 0001:0000ce50       ?DoPromptFileName@CWinApp@@QAEHAAV?$CStringT@DV?$StrTraitMFC_DLL@DV?$ChTraitsCRT@D@ATL@@@@@ATL@@IKHPAVCDocTemplate@@@Z 0040de50 f   mfc100d:mfc100d.dll
 0001:0000ce56       ??0?$CStringT@DV?$StrTraitMFC_DLL@DV?$ChTraitsCRT@D@ATL@@@@@ATL@@QAE@PBD@Z 0040de56 f   mfc100d:mfc100d.dll
 0001:0000ce5c       ?GetDocument@CView@@QBEPAVCDocument@@XZ 0040de5c f   mfc100d:mfc100d.dll
 0001:0000ce62       ?GetActiveView@CFrameWnd@@QBEPAVCView@@XZ 0040de62 f   mfc100d:mfc100d.dll
 0001:0000ce68       ?MDIGetActive@CMDIFrameWnd@@QBEPAVCMDIChildWnd@@PAH@Z 0040de68 f   mfc100d:mfc100d.dll
 0001:0000ce6e       ??0?$CStringT@DV?$StrTraitMFC_DLL@DV?$ChTraitsCRT@D@ATL@@@@@ATL@@QAE@ABV01@@Z 0040de6e f   mfc100d:mfc100d.dll
 0001:0000ce74       ?Concatenate@?$CSimpleStringT@D$00@ATL@@KAXAAV12@PBDH1H@Z 0040de74 f   mfc100d:mfc100d.dll
 0001:0000ce7a       ?GetLength@?$CSimpleStringT@D$00@ATL@@QBEHXZ 0040de7a f   mfc100d:mfc100d.dll
 0001:0000ce80       ?StringLength@?$CSimpleStringT@D$00@ATL@@SAHPBD@Z 0040de80 f   mfc100d:mfc100d.dll
 0001:0000ce86       ??0?$CStringT@DV?$StrTraitMFC_DLL@DV?$ChTraitsCRT@D@ATL@@@@@ATL@@QAE@PAUIAtlStringMgr@1@@Z 0040de86 f   mfc100d:mfc100d.dll
 0001:0000ce8c       ?GetManager@?$CStringT@DV?$StrTraitMFC_DLL@DV?$ChTraitsCRT@D@ATL@@@@@ATL@@QBEPAUIAtlStringMgr@2@XZ 0040de8c f   mfc100d:mfc100d.dll
 0001:0000ce92       ?GetThisClass@CDocument@@SGPAUCRuntimeClass@@XZ 0040de92 f   mfc100d:mfc100d.dll
 0001:0000ce98       ?GetThisMessageMap@CDocument@@KGPBUAFX_MSGMAP@@XZ 0040de98 f   mfc100d:mfc100d.dll
 0001:0000ce9e       ??1CStringList@@UAE@XZ     0040de9e f   mfc100d:mfc100d.dll
 0001:0000cea4       ??1CDocument@@UAE@XZ       0040dea4 f   mfc100d:mfc100d.dll
 0001:0000ceaa       ??0CStringList@@QAE@H@Z    0040deaa f   mfc100d:mfc100d.dll
 0001:0000ceb0       ??0CDocument@@QAE@XZ       0040deb0 f   mfc100d:mfc100d.dll
 0001:0000ceb6       ?OnFinalRelease@CDocument@@UAEXXZ 0040deb6 f   mfc100d:mfc100d.dll
 0001:0000cebc       ?GetInterfaceMap@CDocument@@MBEPBUAFX_INTERFACEMAP@@XZ 0040debc f   mfc100d:mfc100d.dll
 0001:0000cec2       ?SetPathName@CDocument@@UAEXPBDH@Z 0040dec2 f   mfc100d:mfc100d.dll
 0001:0000cec8       ?ClearPathName@CDocument@@UAEXXZ 0040dec8 f   mfc100d:mfc100d.dll
 0001:0000cece       ?IsModified@CDocument@@UAEHXZ 0040dece f   mfc100d:mfc100d.dll
 0001:0000ced4       ?SetModifiedFlag@CDocument@@UAEXH@Z 0040ded4 f   mfc100d:mfc100d.dll
 0001:0000ceda       ?GetFirstViewPosition@CDocument@@UBEPAU__POSITION@@XZ 0040deda f   mfc100d:mfc100d.dll
 0001:0000cee0       ?GetNextView@CDocument@@UBEPAVCView@@AAPAU__POSITION@@@Z 0040dee0 f   mfc100d:mfc100d.dll
 0001:0000cee6       ?OnChangedViewList@CDocument@@UAEXXZ 0040dee6 f   mfc100d:mfc100d.dll
 0001:0000ceec       ?OnOpenDocument@CDocument@@UAEHPBD@Z 0040deec f   mfc100d:mfc100d.dll
 0001:0000cef2       ?OnSaveDocument@CDocument@@UAEHPBD@Z 0040def2 f   mfc100d:mfc100d.dll
 0001:0000cef8       ?ReportSaveLoadException@CDocument@@UAEXPBDPAVCException@@HI@Z 0040def8 f   mfc100d:mfc100d.dll
 0001:0000cefe       ?GetFile@CDocument@@UAEPAVCFile@@PBDIPAVCFileException@@@Z 0040defe f   mfc100d:mfc100d.dll
 0001:0000cf04       ?ReleaseFile@CDocument@@UAEXPAVCFile@@H@Z 0040df04 f   mfc100d:mfc100d.dll
 0001:0000cf0a       ?OnRichPreviewUnload@CDocument@@UAEXXZ 0040df0a f   mfc100d:mfc100d.dll
 0001:0000cf10       ?LoadDocumentFromStream@CDocument@@UAEJPAUIStream@@K@Z 0040df10 f   mfc100d:mfc100d.dll
 0001:0000cf16       ?GetThumbnail@CDocument@@UAEHIPAPAUHBITMAP__@@PAW4WTS_ALPHATYPE@@@Z 0040df16 f   mfc100d:mfc100d.dll
 0001:0000cf1c       ?ClearChunkList@CDocument@@UAEXXZ 0040df1c f   mfc100d:mfc100d.dll
 0001:0000cf22       ?SetChunkValue@CDocument@@UAEHPAUIFilterChunkValue@ATL@@@Z 0040df22 f   mfc100d:mfc100d.dll
 0001:0000cf28       ?BeginReadChunks@CDocument@@UAEXXZ 0040df28 f   mfc100d:mfc100d.dll
 0001:0000cf2e       ?ReadNextChunkValue@CDocument@@UAEHPAPAUIFilterChunkValue@ATL@@@Z 0040df2e f   mfc100d:mfc100d.dll
 0001:0000cf34       ?RemoveChunk@CDocument@@UAEXABU_GUID@@K@Z 0040df34 f   mfc100d:mfc100d.dll
 0001:0000cf3a       ?FindChunk@CDocument@@UAEPAU__POSITION@@ABU_GUID@@K@Z 0040df3a f   mfc100d:mfc100d.dll
 0001:0000cf40       ?OnDocumentEvent@CDocument@@UAEXW4DocumentEvent@1@@Z 0040df40 f   mfc100d:mfc100d.dll
 0001:0000cf46       ?CanCloseFrame@CDocument@@UAEHPAVCFrameWnd@@@Z 0040df46 f   mfc100d:mfc100d.dll
 0001:0000cf4c       ?SaveModified@CDocument@@UAEHXZ 0040df4c f   mfc100d:mfc100d.dll
 0001:0000cf52       ?PreCloseFrame@CDocument@@UAEXPAVCFrameWnd@@@Z 0040df52 f   mfc100d:mfc100d.dll
 0001:0000cf58       ?DoFileSave@CDocument@@UAEHXZ 0040df58 f   mfc100d:mfc100d.dll
 0001:0000cf5e       ?UpdateFrameCounts@CDocument@@UAEXXZ 0040df5e f   mfc100d:mfc100d.dll
 0001:0000cf64       ?GetDefaultMenu@CDocument@@UAEPAUHMENU__@@XZ 0040df64 f   mfc100d:mfc100d.dll
 0001:0000cf6a       ?GetDefaultAccelerator@CDocument@@UAEPAUHACCEL__@@XZ 0040df6a f   mfc100d:mfc100d.dll
 0001:0000cf70       ?OnIdle@CDocument@@UAEXXZ  0040df70 f   mfc100d:mfc100d.dll
 0001:0000cf76       ?OnLoadDocumentFromStream@CDocument@@UAEJPAUIStream@@K@Z 0040df76 f   mfc100d:mfc100d.dll
 0001:0000cf7c       ?OnPreviewHandlerQueryFocus@CDocument@@UAEJPAPAUHWND__@@@Z 0040df7c f   mfc100d:mfc100d.dll
 0001:0000cf82       ?OnPreviewHandlerTranslateAccelerator@CDocument@@UAEJPAUtagMSG@@@Z 0040df82 f   mfc100d:mfc100d.dll
 0001:0000cf88       ?OnCreatePreviewFrame@CDocument@@UAEHXZ 0040df88 f   mfc100d:mfc100d.dll
 0001:0000cf8e       ?OnUnloadHandler@CDocument@@UAEXXZ 0040df8e f   mfc100d:mfc100d.dll
 0001:0000cf94       ?OnDrawThumbnail@CDocument@@UAEXAAVCDC@@PAUtagRECT@@@Z 0040df94 f   mfc100d:mfc100d.dll
 0001:0000cf9a       ??5CArchive@@QAEAAV0@AAI@Z 0040df9a f   mfc100d:mfc100d.dll
 0001:0000cfa0       ??6CArchive@@QAEAAV0@I@Z   0040dfa0 f   mfc100d:mfc100d.dll
 0001:0000cfa6       ?IsStoring@CArchive@@QBEHXZ 0040dfa6 f   mfc100d:mfc100d.dll
 0001:0000cfac       ?AssertValid@CDocument@@UBEXXZ 0040dfac f   mfc100d:mfc100d.dll
 0001:0000cfb2       ?Dump@CDocument@@UBEXAAVCDumpContext@@@Z 0040dfb2 f   mfc100d:mfc100d.dll
 0001:0000cfb8       ?DeleteContents@CDocument@@UAEXXZ 0040dfb8 f   mfc100d:mfc100d.dll
 0001:0000cfbe       ?RemoveAll@CStringList@@QAEXXZ 0040dfbe f   mfc100d:mfc100d.dll
 0001:0000cfc4       ?OnCmdMsg@CDocument@@UAEHIHPAXPAUAFX_CMDHANDLERINFO@@@Z 0040dfc4 f   mfc100d:mfc100d.dll
 0001:0000cfca       ?AfxAssertFailedLine@@YGHPBDH@Z 0040dfca f   mfc100d:mfc100d.dll
 0001:0000cfd0       ?SetTitle@CDocument@@UAEXPBD@Z 0040dfd0 f   mfc100d:mfc100d.dll
 0001:0000cfd6       ??Y?$CStringT@DV?$StrTraitMFC_DLL@DV?$ChTraitsCRT@D@ATL@@@@@ATL@@QAEAAV01@PBD@Z 0040dfd6 f   mfc100d:mfc100d.dll
 0001:0000cfdc       ??4?$CStringT@DV?$StrTraitMFC_DLL@DV?$ChTraitsCRT@D@ATL@@@@@ATL@@QAEAAV01@ABV01@@Z 0040dfdc f   mfc100d:mfc100d.dll
 0001:0000cfe2       ?Left@?$CStringT@DV?$StrTraitMFC_DLL@DV?$ChTraitsCRT@D@ATL@@@@@ATL@@QBE?AV12@H@Z 0040dfe2 f   mfc100d:mfc100d.dll
 0001:0000cfe8       ?Find@?$CStringT@DV?$StrTraitMFC_DLL@DV?$ChTraitsCRT@D@ATL@@@@@ATL@@QBEHPBDH@Z 0040dfe8 f   mfc100d:mfc100d.dll
 0001:0000cfee       ?DoSave@CDocument@@UAEHPBDH@Z 0040dfee f   mfc100d:mfc100d.dll
 0001:0000cff4       ?ReleaseDC@CWnd@@QAEHPAVCDC@@@Z 0040dff4 f   mfc100d:mfc100d.dll
 0001:0000cffa       ?GetTextMetricsA@CDC@@QBEHPAUtagTEXTMETRICA@@@Z 0040dffa f   mfc100d:mfc100d.dll
 0001:0000d000       ?GetDC@CWnd@@QAEPAVCDC@@XZ 0040e000 f   mfc100d:mfc100d.dll
 0001:0000d006       ?GetCount@CStringList@@QBEHXZ 0040e006 f   mfc100d:mfc100d.dll
 0001:0000d00c       ?OnNewDocument@CDocument@@UAEHXZ 0040e00c f   mfc100d:mfc100d.dll
 0001:0000d012       ?ResumeThread@CWinThread@@QAEKXZ 0040e012 f   mfc100d:mfc100d.dll
 0001:0000d018       ?AfxGetApp@@YGPAVCWinApp@@XZ 0040e018 f   mfc100d:mfc100d.dll
 0001:0000d01e       ?AfxBeginThread@@YGPAVCWinThread@@PAUCRuntimeClass@@HIKPAU_SECURITY_ATTRIBUTES@@@Z 0040e01e f   mfc100d:mfc100d.dll
 0001:0000d024       ?OnCloseDocument@CDocument@@UAEXXZ 0040e024 f   mfc100d:mfc100d.dll
 0001:0000d02a       ?AddTail@CStringList@@QAEPAU__POSITION@@ABV?$CStringT@DV?$StrTraitMFC_DLL@DV?$ChTraitsCRT@D@ATL@@@@@ATL@@@Z 0040e02a f   mfc100d:mfc100d.dll
 0001:0000d030       ?Close@CStdioFile@@UAEXXZ  0040e030 f   mfc100d:mfc100d.dll
 0001:0000d036       ?WriteString@CStdioFile@@UAEXPBD@Z 0040e036 f   mfc100d:mfc100d.dll
 0001:0000d03c       ?Right@?$CStringT@DV?$StrTraitMFC_DLL@DV?$ChTraitsCRT@D@ATL@@@@@ATL@@QBE?AV12@H@Z 0040e03c f   mfc100d:mfc100d.dll
 0001:0000d042       ?IsEmpty@?$CSimpleStringT@D$00@ATL@@QBE_NXZ 0040e042 f   mfc100d:mfc100d.dll
 0001:0000d048       ?GetNext@CStringList@@QAEAAV?$CStringT@DV?$StrTraitMFC_DLL@DV?$ChTraitsCRT@D@ATL@@@@@ATL@@AAPAU__POSITION@@@Z 0040e048 f   mfc100d:mfc100d.dll
 0001:0000d04e       ?GetHeadPosition@CStringList@@QBEPAU__POSITION@@XZ 0040e04e f   mfc100d:mfc100d.dll
 0001:0000d054       ??1CStdioFile@@UAE@XZ      0040e054 f   mfc100d:mfc100d.dll
 0001:0000d05a       ??1CFileException@@UAE@XZ  0040e05a f   mfc100d:mfc100d.dll
 0001:0000d060       ?Open@CStdioFile@@UAEHPBDIPAVCFileException@@@Z 0040e060 f   mfc100d:mfc100d.dll
 0001:0000d066       ??0CFileException@@QAE@HJPBD@Z 0040e066 f   mfc100d:mfc100d.dll
 0001:0000d06c       ??0CStdioFile@@QAE@XZ      0040e06c f   mfc100d:mfc100d.dll
 0001:0000d072       ?Delete@CException@@QAEXXZ 0040e072 f   mfc100d:mfc100d.dll
 0001:0000d078       ??2@YAPAXI@Z               0040e078 f   mfc100d:mfc100d.dll
 0001:0000d07e       ?AfxAssertValidObject@@YGXPBVCObject@@PBDH@Z 0040e07e f   mfc100d:mfc100d.dll
 0001:0000d084       ?GetThisClass@CScrollView@@SGPAUCRuntimeClass@@XZ 0040e084 f   mfc100d:mfc100d.dll
 0001:0000d08a       ?GetThisMessageMap@CScrollView@@KGPBUAFX_MSGMAP@@XZ 0040e08a f   mfc100d:mfc100d.dll
 0001:0000d090       ?OnFilePrint@CView@@IAEXXZ 0040e090 f   mfc100d:mfc100d.dll
 0001:0000d096       ?OnFilePrintPreview@CView@@IAEXXZ 0040e096 f   mfc100d:mfc100d.dll
 0001:0000d09c       ??0CScrollView@@IAE@XZ     0040e09c f   mfc100d:mfc100d.dll
 0001:0000d0a2       ?OnCmdMsg@CView@@UAEHIHPAXPAUAFX_CMDHANDLERINFO@@@Z 0040e0a2 f   mfc100d:mfc100d.dll
 0001:0000d0a8       ?PreCreateWindow@CView@@MAEHAAUtagCREATESTRUCTA@@@Z 0040e0a8 f   mfc100d:mfc100d.dll
 0001:0000d0ae       ?CalcWindowRect@CScrollView@@UAEXPAUtagRECT@@I@Z 0040e0ae f   mfc100d:mfc100d.dll
 0001:0000d0b4       ?GetScrollBarCtrl@CView@@UBEPAVCScrollBar@@H@Z 0040e0b4 f   mfc100d:mfc100d.dll
 0001:0000d0ba       ?PreTranslateMessage@CWnd@@UAEHPAUtagMSG@@@Z 0040e0ba f   mfc100d:mfc100d.dll
 0001:0000d0c0       ?PostNcDestroy@CView@@MAEXXZ 0040e0c0 f   mfc100d:mfc100d.dll
 0001:0000d0c6       ?CheckAutoCenter@CWnd@@UAEHXZ 0040e0c6 f   mfc100d:mfc100d.dll
 0001:0000d0cc       ?SetOccDialogInfo@CWnd@@MAEHPAU_AFX_OCC_DIALOG_INFO@@@Z 0040e0cc f   mfc100d:mfc100d.dll
 0001:0000d0d2       ?GetOccDialogInfo@CWnd@@MAEPAU_AFX_OCC_DIALOG_INFO@@XZ 0040e0d2 f   mfc100d:mfc100d.dll
 0001:0000d0d8       ?IsSelected@CView@@UBEHPBVCObject@@@Z 0040e0d8 f   mfc100d:mfc100d.dll
 0001:0000d0de       ?OnScroll@CScrollView@@UAEHIIH@Z 0040e0de f   mfc100d:mfc100d.dll
 0001:0000d0e4       ?OnScrollBy@CScrollView@@UAEHVCSize@@H@Z 0040e0e4 f   mfc100d:mfc100d.dll
 0001:0000d0ea       ?OnDragEnter@CView@@UAEKPAVCOleDataObject@@KVCPoint@@@Z 0040e0ea f   mfc100d:mfc100d.dll
 0001:0000d0f0       ?OnDragOver@CView@@UAEKPAVCOleDataObject@@KVCPoint@@@Z 0040e0f0 f   mfc100d:mfc100d.dll
 0001:0000d0f6       ?OnDragLeave@CView@@UAEXXZ 0040e0f6 f   mfc100d:mfc100d.dll
 0001:0000d0fc       ?OnDrop@CView@@UAEHPAVCOleDataObject@@KVCPoint@@@Z 0040e0fc f   mfc100d:mfc100d.dll
 0001:0000d102       ?OnDropEx@CView@@UAEKPAVCOleDataObject@@KKVCPoint@@@Z 0040e102 f   mfc100d:mfc100d.dll
 0001:0000d108       ?OnDragScroll@CView@@UAEKKVCPoint@@@Z 0040e108 f   mfc100d:mfc100d.dll
 0001:0000d10e       ?OnPrepareDC@CScrollView@@UAEXPAVCDC@@PAUCPrintInfo@@@Z 0040e10e f   mfc100d:mfc100d.dll
 0001:0000d114       ?OnActivateView@CView@@MAEXHPAV1@0@Z 0040e114 f   mfc100d:mfc100d.dll
 0001:0000d11a       ?OnActivateFrame@CView@@MAEXIPAVCFrameWnd@@@Z 0040e11a f   mfc100d:mfc100d.dll
 0001:0000d120       ?OnPreparePrinting@CView@@MAEHPAUCPrintInfo@@@Z 0040e120 f   mfc100d:mfc100d.dll
 0001:0000d126       ?OnBeginPrinting@CView@@MAEXPAVCDC@@PAUCPrintInfo@@@Z 0040e126 f   mfc100d:mfc100d.dll
 0001:0000d12c       ?OnPrint@CView@@MAEXPAVCDC@@PAUCPrintInfo@@@Z 0040e12c f   mfc100d:mfc100d.dll
 0001:0000d132       ?OnEndPrinting@CView@@MAEXPAVCDC@@PAUCPrintInfo@@@Z 0040e132 f   mfc100d:mfc100d.dll
 0001:0000d138       ?OnEndPrintPreview@CView@@MAEXPAVCDC@@PAUCPrintInfo@@UtagPOINT@@PAVCPreviewView@@@Z 0040e138 f   mfc100d:mfc100d.dll
 0001:0000d13e       ?GetWheelScrollDistance@CScrollView@@UAE?AVCSize@@V2@HH@Z 0040e13e f   mfc100d:mfc100d.dll
 0001:0000d144       ??1CScrollView@@UAE@XZ     0040e144 f   mfc100d:mfc100d.dll
 0001:0000d14a       ?FindIndex@CStringList@@QBEPAU__POSITION@@H@Z 0040e14a f   mfc100d:mfc100d.dll
 0001:0000d150       ?GetTextColor@CDC@@QBEKXZ  0040e150 f   mfc100d:mfc100d.dll
 0001:0000d156       ?GetNearestColor@CDC@@QBEKK@Z 0040e156 f   mfc100d:mfc100d.dll
 0001:0000d15c       ?GetMapMode@CDC@@QBEHXZ    0040e15c f   mfc100d:mfc100d.dll
 0001:0000d162       ?AssertValid@CScrollView@@UBEXXZ 0040e162 f   mfc100d:mfc100d.dll
 0001:0000d168       ?Dump@CScrollView@@UBEXAAVCDumpContext@@@Z 0040e168 f   mfc100d:mfc100d.dll
 0001:0000d16e       ?IsKindOf@CObject@@QBEHPBUCRuntimeClass@@@Z 0040e16e f   mfc100d:mfc100d.dll
 0001:0000d174       ?OnUpdate@CView@@MAEXPAV1@JPAVCObject@@@Z 0040e174 f   mfc100d:mfc100d.dll
 0001:0000d17a       ?SetScrollSizes@CScrollView@@QAEXHUtagSIZE@@ABU2@1@Z 0040e17a f   mfc100d:mfc100d.dll
 0001:0000d180       ?ResizeParentToFit@CScrollView@@QAEXH@Z 0040e180 f   mfc100d:mfc100d.dll
 0001:0000d186       ?SetScaleToFitSize@CScrollView@@QAEXUtagSIZE@@@Z 0040e186 f   mfc100d:mfc100d.dll
 0001:0000d18c       ?OnInitialUpdate@CView@@UAEXXZ 0040e18c f   mfc100d:mfc100d.dll
 0001:0000d192       ?Format@?$CStringT@DV?$StrTraitMFC_DLL@DV?$ChTraitsCRT@D@ATL@@@@@ATL@@QAAXPBDZZ 0040e192 f   mfc100d:mfc100d.dll
 0001:0000d198       ??Y?$CStringT@DV?$StrTraitMFC_DLL@DV?$ChTraitsCRT@D@ATL@@@@@ATL@@QAEAAV01@ABV?$CSimpleStringT@D$00@1@@Z 0040e198 f   mfc100d:mfc100d.dll
 0001:0000d19e       ??_U@YAPAXI@Z              0040e19e f   mfc100d:mfc100d.dll
 0001:0000d1a4       ?RemoveHead@CStringList@@QAE?AV?$CStringT@DV?$StrTraitMFC_DLL@DV?$ChTraitsCRT@D@ATL@@@@@ATL@@XZ 0040e1a4 f   mfc100d:mfc100d.dll
 0001:0000d1aa       ?IsEmpty@CStringList@@QBEHXZ 0040e1aa f   mfc100d:mfc100d.dll
 0001:0000d1b0       ?GetNext@CStringList@@QBEABV?$CStringT@DV?$StrTraitMFC_DLL@DV?$ChTraitsCRT@D@ATL@@@@@ATL@@AAPAU__POSITION@@@Z 0040e1b0 f   mfc100d:mfc100d.dll
 0001:0000d1b6       ?Empty@?$CSimpleStringT@D$00@ATL@@QAEXXZ 0040e1b6 f   mfc100d:mfc100d.dll
 0001:0000d1bc       ?Find@?$CStringT@DV?$StrTraitMFC_DLL@DV?$ChTraitsCRT@D@ATL@@@@@ATL@@QBEHDH@Z 0040e1bc f   mfc100d:mfc100d.dll
 0001:0000d1c2       ?CompareNoCase@?$CStringT@DV?$StrTraitMFC_DLL@DV?$ChTraitsCRT@D@ATL@@@@@ATL@@QBEHPBD@Z 0040e1c2 f   mfc100d:mfc100d.dll
 0001:0000d1c8       ?Mid@?$CStringT@DV?$StrTraitMFC_DLL@DV?$ChTraitsCRT@D@ATL@@@@@ATL@@QBE?AV12@HH@Z 0040e1c8 f   mfc100d:mfc100d.dll
 0001:0000d1ce       ??A?$CSimpleStringT@D$00@ATL@@QBEDH@Z 0040e1ce f   mfc100d:mfc100d.dll
 0001:0000d1d4       ??1CObject@@UAE@XZ         0040e1d4 f   mfc100d:mfc100d.dll
 0001:0000d1da       ??0CObject@@IAE@XZ         0040e1da f   mfc100d:mfc100d.dll
 0001:0000d1e0       ?AssertValid@CObject@@UBEXXZ 0040e1e0 f   mfc100d:mfc100d.dll
 0001:0000d1e6       ?Dump@CObject@@UBEXAAVCDumpContext@@@Z 0040e1e6 f   mfc100d:mfc100d.dll
 0001:0000d1ec       ?GetThisClass@CWinThread@@SGPAUCRuntimeClass@@XZ 0040e1ec f   mfc100d:mfc100d.dll
 0001:0000d1f2       ??1CWinThread@@UAE@XZ      0040e1f2 f   mfc100d:mfc100d.dll
 0001:0000d1f8       ??0CWinThread@@QAE@XZ      0040e1f8 f   mfc100d:mfc100d.dll
 0001:0000d1fe       ?AssertValid@CWinThread@@UBEXXZ 0040e1fe f   mfc100d:mfc100d.dll
 0001:0000d204       ?Dump@CWinThread@@UBEXAAVCDumpContext@@@Z 0040e204 f   mfc100d:mfc100d.dll
 0001:0000d20a       ?Run@CWinThread@@UAEHXZ    0040e20a f   mfc100d:mfc100d.dll
 0001:0000d210       ?ProcessWndProcException@CWinThread@@UAEJPAVCException@@PBUtagMSG@@@Z 0040e210 f   mfc100d:mfc100d.dll
 0001:0000d216       ?AfxGetModuleThreadState@@YGPAVAFX_MODULE_THREAD_STATE@@XZ 0040e216 f   mfc100d:mfc100d.dll
 0001:0000d21c       ?FromHandlePermanent@CWnd@@SGPAV1@PAUHWND__@@@Z 0040e21c f   mfc100d:mfc100d.dll
 0001:0000d222       ?AfxRegisterWndClass@@YGPBDIPAUHICON__@@PAUHBRUSH__@@0@Z 0040e222 f   mfc100d:mfc100d.dll
 0001:0000d228       ??0CWnd@@QAE@XZ            0040e228 f   mfc100d:mfc100d.dll
 0001:0000d22e       ?ExitInstance@CWinThread@@UAEHXZ 0040e22e f   mfc100d:mfc100d.dll
 0001:0000d234       ?GetThisMessageMap@CCmdTarget@@KGPBUAFX_MSGMAP@@XZ 0040e234 f   mfc100d:mfc100d.dll
 0001:0000d23a       ?GetRuntimeClass@CObject@@UBEPAUCRuntimeClass@@XZ 0040e23a f   mfc100d:mfc100d.dll
 0001:0000d240       ?AfxIsValidAddress@@YGHPBXIH@Z 0040e240 f   mfc100d:mfc100d.dll
 0001:0000d246       ?AfxThrowInvalidArgException@@YGXXZ 0040e246 f   mfc100d:mfc100d.dll
 0001:0000d24c       ?ReadCount@CArchive@@QAEKXZ 0040e24c f   mfc100d:mfc100d.dll
 0001:0000d252       ?WriteCount@CArchive@@QAEXK@Z 0040e252 f   mfc100d:mfc100d.dll
 0001:0000d258       ?GetDepth@CDumpContext@@QBEHXZ 0040e258 f   mfc100d:mfc100d.dll
 0001:0000d25e       ??6CDumpContext@@QAEAAV0@H@Z 0040e25e f   mfc100d:mfc100d.dll
 0001:0000d264       ??6CDumpContext@@QAEAAV0@PBD@Z 0040e264 f   mfc100d:mfc100d.dll
 0001:0000d26a       ?FreeDataChain@CPlex@@QAEXXZ 0040e26a f   mfc100d:mfc100d.dll
 0001:0000d270       ?Create@CPlex@@SGPAU1@AAPAU1@II@Z 0040e270 f   mfc100d:mfc100d.dll
 0001:0000d276       ?EnsureRead@CArchive@@QAEXPAXI@Z 0040e276 f   mfc100d:mfc100d.dll
 0001:0000d27c       ?Write@CArchive@@QAEXPBXI@Z 0040e27c f   mfc100d:mfc100d.dll
 0001:0000d282       ?GetThisClass@CMDIChildWnd@@SGPAUCRuntimeClass@@XZ 0040e282 f   mfc100d:mfc100d.dll
 0001:0000d288       ??0CMDIChildWnd@@QAE@XZ    0040e288 f   mfc100d:mfc100d.dll
 0001:0000d28e       ?AssertValid@CMDIChildWnd@@UBEXXZ 0040e28e f   mfc100d:mfc100d.dll
 0001:0000d294       ?Dump@CMDIChildWnd@@UBEXAAVCDumpContext@@@Z 0040e294 f   mfc100d:mfc100d.dll
 0001:0000d29a       ?OnCmdMsg@CFrameWnd@@UAEHIHPAXPAUAFX_CMDHANDLERINFO@@@Z 0040e29a f   mfc100d:mfc100d.dll
 0001:0000d2a0       ?DestroyWindow@CMDIChildWnd@@UAEHXZ 0040e2a0 f   mfc100d:mfc100d.dll
 0001:0000d2a6       ?PreCreateWindow@CMDIChildWnd@@UAEHAAUtagCREATESTRUCTA@@@Z 0040e2a6 f   mfc100d:mfc100d.dll
 0001:0000d2ac       ?GetMenu@CFrameWnd@@UBEPAVCMenu@@XZ 0040e2ac f   mfc100d:mfc100d.dll
 0001:0000d2b2       ?SetMenu@CFrameWnd@@UAEHPAVCMenu@@@Z 0040e2b2 f   mfc100d:mfc100d.dll
 0001:0000d2b8       ?OnCommand@CFrameWnd@@MAEHIJ@Z 0040e2b8 f   mfc100d:mfc100d.dll
 0001:0000d2be       ?BeginModalState@CFrameWnd@@UAEXXZ 0040e2be f   mfc100d:mfc100d.dll
 0001:0000d2c4       ?EndModalState@CFrameWnd@@UAEXXZ 0040e2c4 f   mfc100d:mfc100d.dll
 0001:0000d2ca       ?PreTranslateMessage@CMDIChildWnd@@UAEHPAUtagMSG@@@Z 0040e2ca f   mfc100d:mfc100d.dll
 0001:0000d2d0       ?DefWindowProcA@CMDIChildWnd@@MAEJIIJ@Z 0040e2d0 f   mfc100d:mfc100d.dll
 0001:0000d2d6       ?PostNcDestroy@CFrameWnd@@MAEXXZ 0040e2d6 f   mfc100d:mfc100d.dll
 0001:0000d2dc       ?IsFrameWnd@CFrameWnd@@UBEHXZ 0040e2dc f   mfc100d:mfc100d.dll
 0001:0000d2e2       ?Create@CFrameWnd@@UAEHPBD0KABUtagRECT@@PAVCWnd@@0KPAUCCreateContext@@@Z 0040e2e2 f   mfc100d:mfc100d.dll
 0001:0000d2e8       ?LoadFrame@CMDIChildWnd@@UAEHIKPAVCWnd@@PAUCCreateContext@@@Z 0040e2e8 f   mfc100d:mfc100d.dll
 0001:0000d2ee       ?GetActiveDocument@CFrameWnd@@UAEPAVCDocument@@XZ 0040e2ee f   mfc100d:mfc100d.dll
 0001:0000d2f4       ?GetActiveFrame@CFrameWnd@@UAEPAV1@XZ 0040e2f4 f   mfc100d:mfc100d.dll
 0001:0000d2fa       ?GetMessageString@CFrameWnd@@UBEXIAAV?$CStringT@DV?$StrTraitMFC_DLL@DV?$ChTraitsCRT@D@ATL@@@@@ATL@@@Z 0040e2fa f   mfc100d:mfc100d.dll
 0001:0000d300       ?RecalcLayout@CFrameWnd@@UAEXH@Z 0040e300 f   mfc100d:mfc100d.dll
 0001:0000d306       ?ActivateFrame@CMDIChildWnd@@UAEXH@Z 0040e306 f   mfc100d:mfc100d.dll
 0001:0000d30c       ?SetMenuBarVisibility@CFrameWnd@@UAEXK@Z 0040e30c f   mfc100d:mfc100d.dll
 0001:0000d312       ?GetMenuBarVisibility@CFrameWnd@@UBEKXZ 0040e312 f   mfc100d:mfc100d.dll
 0001:0000d318       ?SetMenuBarState@CFrameWnd@@UAEHK@Z 0040e318 f   mfc100d:mfc100d.dll
 0001:0000d31e       ?GetMenuBarState@CFrameWnd@@UBEKXZ 0040e31e f   mfc100d:mfc100d.dll
 0001:0000d324       ?OnSetPreviewMode@CFrameWnd@@UAEXHPAUCPrintPreviewState@@@Z 0040e324 f   mfc100d:mfc100d.dll
 0001:0000d32a       ?GetMessageBar@CMDIChildWnd@@MAEPAVCWnd@@XZ 0040e32a f   mfc100d:mfc100d.dll
 0001:0000d330       ?NegotiateBorderSpace@CFrameWnd@@UAEHIPAUtagRECT@@@Z 0040e330 f   mfc100d:mfc100d.dll
 0001:0000d336       ?OnCreateClient@CFrameWnd@@MAEHPAUtagCREATESTRUCTA@@PAUCCreateContext@@@Z 0040e336 f   mfc100d:mfc100d.dll
 0001:0000d33c       ?OnUpdateFrameTitle@CMDIChildWnd@@MAEXH@Z 0040e33c f   mfc100d:mfc100d.dll
 0001:0000d342       ?OnUpdateFrameMenu@CFrameWnd@@UAEXPAUHMENU__@@@Z 0040e342 f   mfc100d:mfc100d.dll
 0001:0000d348       ?GetDefaultAccelerator@CFrameWnd@@UAEPAUHACCEL__@@XZ 0040e348 f   mfc100d:mfc100d.dll
 0001:0000d34e       ?DelayUpdateFrameMenu@CFrameWnd@@UAEXPAUHMENU__@@@Z 0040e34e f   mfc100d:mfc100d.dll
 0001:0000d354       ?ExitHelpMode@CFrameWnd@@UAEXXZ 0040e354 f   mfc100d:mfc100d.dll
 0001:0000d35a       ?OnShowMenuBar@CFrameWnd@@MAEXXZ 0040e35a f   mfc100d:mfc100d.dll
 0001:0000d360       ?OnHideMenuBar@CFrameWnd@@MAEXXZ 0040e360 f   mfc100d:mfc100d.dll
 0001:0000d366       ?OnUpdateFrameMenu@CMDIChildWnd@@UAEXHPAVCWnd@@PAUHMENU__@@@Z 0040e366 f   mfc100d:mfc100d.dll
 0001:0000d36c       ??1CFrameWnd@@UAE@XZ       0040e36c f   mfc100d:mfc100d.dll
 0001:0000d372       ?GetThisMessageMap@CMDIChildWnd@@KGPBUAFX_MSGMAP@@XZ 0040e372 f   mfc100d:mfc100d.dll
 0001:0000d378       ?Create@CMDIChildWnd@@UAEHPBD0KABUtagRECT@@PAVCMDIFrameWnd@@PAUCCreateContext@@@Z 0040e378 f   mfc100d:mfc100d.dll
 0001:0000d37e       ?GetThisClass@CMDIFrameWnd@@SGPAUCRuntimeClass@@XZ 0040e37e f   mfc100d:mfc100d.dll
 0001:0000d384       ?GetThisMessageMap@CMDIFrameWnd@@KGPBUAFX_MSGMAP@@XZ 0040e384 f   mfc100d:mfc100d.dll
 0001:0000d38a       ??1CStatusBar@@UAE@XZ      0040e38a f   mfc100d:mfc100d.dll
 0001:0000d390       ??0CToolBar@@QAE@XZ        0040e390 f   mfc100d:mfc100d.dll
 0001:0000d396       ??0CStatusBar@@QAE@XZ      0040e396 f   mfc100d:mfc100d.dll
 0001:0000d39c       ??0CMDIFrameWnd@@QAE@XZ    0040e39c f   mfc100d:mfc100d.dll
 0001:0000d3a2       ?OnCmdMsg@CMDIFrameWnd@@UAEHIHPAXPAUAFX_CMDHANDLERINFO@@@Z 0040e3a2 f   mfc100d:mfc100d.dll
 0001:0000d3a8       ?OnCommand@CMDIFrameWnd@@MAEHIJ@Z 0040e3a8 f   mfc100d:mfc100d.dll
 0001:0000d3ae       ?PreTranslateMessage@CMDIFrameWnd@@UAEHPAUtagMSG@@@Z 0040e3ae f   mfc100d:mfc100d.dll
 0001:0000d3b4       ?DefWindowProcA@CMDIFrameWnd@@MAEJIIJ@Z 0040e3b4 f   mfc100d:mfc100d.dll
 0001:0000d3ba       ?LoadFrame@CMDIFrameWnd@@UAEHIKPAVCWnd@@PAUCCreateContext@@@Z 0040e3ba f   mfc100d:mfc100d.dll
 0001:0000d3c0       ?GetActiveFrame@CMDIFrameWnd@@UAEPAVCFrameWnd@@XZ 0040e3c0 f   mfc100d:mfc100d.dll
 0001:0000d3c6       ?ActivateFrame@CFrameWnd@@UAEXH@Z 0040e3c6 f   mfc100d:mfc100d.dll
 0001:0000d3cc       ?SetMenuBarVisibility@CMDIFrameWnd@@UAEXK@Z 0040e3cc f   mfc100d:mfc100d.dll
 0001:0000d3d2       ?SetMenuBarState@CMDIFrameWnd@@UAEHK@Z 0040e3d2 f   mfc100d:mfc100d.dll
 0001:0000d3d8       ?GetMessageBar@CFrameWnd@@UAEPAVCWnd@@XZ 0040e3d8 f   mfc100d:mfc100d.dll
 0001:0000d3de       ?OnCreateClient@CMDIFrameWnd@@UAEHPAUtagCREATESTRUCTA@@PAUCCreateContext@@@Z 0040e3de f   mfc100d:mfc100d.dll
 0001:0000d3e4       ?OnUpdateFrameTitle@CMDIFrameWnd@@UAEXH@Z 0040e3e4 f   mfc100d:mfc100d.dll
 0001:0000d3ea       ?OnUpdateFrameMenu@CMDIFrameWnd@@UAEXPAUHMENU__@@@Z 0040e3ea f   mfc100d:mfc100d.dll
 0001:0000d3f0       ?DelayUpdateFrameMenu@CMDIFrameWnd@@UAEXPAUHMENU__@@@Z 0040e3f0 f   mfc100d:mfc100d.dll
 0001:0000d3f6       ?CreateClient@CMDIFrameWnd@@UAEHPAUtagCREATESTRUCTA@@PAVCMenu@@@Z 0040e3f6 f   mfc100d:mfc100d.dll
 0001:0000d3fc       ?GetWindowMenuPopup@CMDIFrameWnd@@UAEPAUHMENU__@@PAU2@@Z 0040e3fc f   mfc100d:mfc100d.dll
 0001:0000d402       ??1CToolBar@@UAE@XZ        0040e402 f   mfc100d:mfc100d.dll
 0001:0000d408       ?DockControlBar@CFrameWnd@@QAEXPAVCControlBar@@IPBUtagRECT@@@Z 0040e408 f   mfc100d:mfc100d.dll
 0001:0000d40e       ?EnableDocking@CFrameWnd@@QAEXK@Z 0040e40e f   mfc100d:mfc100d.dll
 0001:0000d414       ?EnableDocking@CControlBar@@QAEXK@Z 0040e414 f   mfc100d:mfc100d.dll
 0001:0000d41a       ?SetBarStyle@CControlBar@@QAEXK@Z 0040e41a f   mfc100d:mfc100d.dll
 0001:0000d420       ?GetBarStyle@CControlBar@@QAEKXZ 0040e420 f   mfc100d:mfc100d.dll
 0001:0000d426       ?SetIndicators@CStatusBar@@QAEHPBIH@Z 0040e426 f   mfc100d:mfc100d.dll
 0001:0000d42c       ?LoadToolBar@CToolBar@@QAEHI@Z 0040e42c f   mfc100d:mfc100d.dll
 0001:0000d432       ?OnCreate@CFrameWnd@@IAEHPAUtagCREATESTRUCTA@@@Z 0040e432 f   mfc100d:mfc100d.dll
 0001:0000d438       ?PreCreateWindow@CMDIFrameWnd@@UAEHAAUtagCREATESTRUCTA@@@Z 0040e438 f   mfc100d:mfc100d.dll
 0001:0000d43e       ?AssertValid@CMDIFrameWnd@@UBEXXZ 0040e43e f   mfc100d:mfc100d.dll
 0001:0000d444       ?Dump@CMDIFrameWnd@@UBEXAAVCDumpContext@@@Z 0040e444 f   mfc100d:mfc100d.dll
 0001:0000d44a       ?GetThisClass@CObject@@SGPAUCRuntimeClass@@XZ 0040e44a f   mfc100d:mfc100d.dll
 0001:0000d450       ??_Estringdispid@CComTypeInfoHolder@ATL@@QAEPAXI@Z 0040e450 f i mfcs100d:nolib.obj
 0001:0000d4c0       ??1stringdispid@CComTypeInfoHolder@ATL@@QAE@XZ 0040e4c0 f i mfcs100d:nolib.obj
 0001:0000d4e0       ??1CComBSTR@ATL@@QAE@XZ    0040e4e0 f i mfcs100d:nolib.obj
 0001:0000d500       ?AfxSocketInit@@YGHPAUWSAData@@@Z 0040e500 f   mfcs100d:sockexp.obj
 0001:0000d520       ___CxxFrameHandler3        0040e520 f   msvcrtd:MSVCR100D.dll
 0001:0000d530       @__security_check_cookie@4 0040e530 f   msvcrtd:secchk.obj
 0001:0000d540       ??0type_info@@AAE@ABV0@@Z  0040e540 f   msvcrtd:ti_inst.obj
 0001:0000d560       ??_Etype_info@@UAEPAXI@Z   0040e560 f i msvcrtd:ti_inst.obj
 0001:0000d5d0       ??4type_info@@AAEAAV0@ABV0@@Z 0040e5d0 f   msvcrtd:ti_inst.obj
 0001:0000d5e2       _sprintf                   0040e5e2 f   msvcrtd:MSVCR100D.dll
 0001:0000d5e8       _atoi                      0040e5e8 f   msvcrtd:MSVCR100D.dll
 0001:0000d5ee       _strlen                    0040e5ee f   msvcrtd:MSVCR100D.dll
 0001:0000d5f4       _memcpy                    0040e5f4 f   msvcrtd:MSVCR100D.dll
 0001:0000d600       __onexit                   0040e600 f   msvcrtd:atonexit.obj
 0001:0000d700       _atexit                    0040e700 f   msvcrtd:atonexit.obj
 0001:0000d720       __ftol2_sse                0040e720 f   msvcrtd:ftol2.obj
 0001:0000d729       __ftol2_pentium4           0040e729 f   msvcrtd:ftol2.obj
 0001:0000d73c       __ftol2_sse_excpt          0040e73c f   msvcrtd:ftol2.obj
 0001:0000d756       __ftol2                    0040e756 f   msvcrtd:ftol2.obj
 0001:0000d7cc       __purecall                 0040e7cc f   msvcrtd:MSVCR100D.dll
 0001:0000d7d2       _abs                       0040e7d2 f   msvcrtd:MSVCR100D.dll
 0001:0000d7d8       _labs                      0040e7d8 f   msvcrtd:MSVCR100D.dll
 0001:0000d7de       _asctime                   0040e7de f   msvcrtd:MSVCR100D.dll
 0001:0000d7e4       _memset                    0040e7e4 f   msvcrtd:MSVCR100D.dll
 0001:0000d7ea       __localtime64              0040e7ea f   msvcrtd:MSVCR100D.dll
 0001:0000d7f0       __time64                   0040e7f0 f   msvcrtd:MSVCR100D.dll
 0001:0000d7f6       _strcmp                    0040e7f6 f   msvcrtd:MSVCR100D.dll
 0001:0000d7fc       _atof                      0040e7fc f   msvcrtd:MSVCR100D.dll
 0001:0000d802       _atol                      0040e802 f   msvcrtd:MSVCR100D.dll
 0001:0000d808       _strncpy                   0040e808 f   msvcrtd:MSVCR100D.dll
 0001:0000d80e       _strstr                    0040e80e f   msvcrtd:MSVCR100D.dll
 0001:0000d814       _strcpy                    0040e814 f   msvcrtd:MSVCR100D.dll
 0001:0000d910       _WinMainCRTStartup         0040e910 f   msvcrtd:crtexew.obj
 0001:0000dc30       _NtCurrentTeb              0040ec30 f i msvcrtd:crtexew.obj
 0001:0000dcb0       ??_M@YGXPAXIHP6EX0@Z@Z     0040ecb0 f   msvcrtd:ehvecdtr.obj
 0001:0000dd70       ?__ArrayUnwind@@YGXPAXIHP6EX0@Z@Z 0040ed70 f   msvcrtd:ehvecdtr.obj
 0001:0000de30       ___report_gsfailure        0040ee30 f   msvcrtd:gs_report.obj
 0001:0000df3e       __unlock                   0040ef3e f   msvcrtd:MSVCR100D.dll
 0001:0000df44       ___dllonexit               0040ef44 f   msvcrtd:MSVCR100D.dll
 0001:0000df4a       __lock                     0040ef4a f   msvcrtd:MSVCR100D.dll
 0001:0000df50       __except_handler4          0040ef50 f   msvcrtd:chandler4gs.obj
 0001:0000df80       ___sse2_available_init     0040ef80 f   msvcrtd:cpu_disp.obj
 0001:0000dfa0       ?__CxxUnhandledExceptionFilter@@YGJPAU_EXCEPTION_POINTERS@@@Z 0040efa0 f   msvcrtd:unhandld.obj
 0001:0000e010       ___CxxSetUnhandledExceptionFilter 0040f010 f   msvcrtd:unhandld.obj
 0001:0000e024       __configthreadlocale       0040f024 f   msvcrtd:MSVCR100D.dll
 0001:0000e030       __setdefaultprecision      0040f030 f   msvcrtd:fp8.obj
 0001:0000e070       __invoke_watson_if_error   0040f070 f i msvcrtd:fp8.obj
 0001:0000e098       ___setusermatherr          0040f098 f   msvcrtd:MSVCR100D.dll
 0001:0000e0a0       __matherr                  0040f0a0 f   msvcrtd:merr.obj
 0001:0000e0b0       __setargv                  0040f0b0 f   msvcrtd:dllargv.obj
 0001:0000e0c0       __RTC_Initialize           0040f0c0 f   msvcrtd:_initsect_.obj
 0001:0000e0f0       __RTC_Terminate            0040f0f0 f   msvcrtd:_initsect_.obj
 0001:0000e116       ___set_app_type            0040f116 f   msvcrtd:MSVCR100D.dll
 0001:0000e11c       __amsg_exit                0040f11c f   msvcrtd:MSVCR100D.dll
 0001:0000e122       ___getmainargs             0040f122 f   msvcrtd:MSVCR100D.dll
 0001:0000e130       ___security_init_cookie    0040f130 f   msvcrtd:gs_support.obj
 0001:0000e210       __exit                     0040f210 f   msvcrtd:MSVCR100D.dll
 0001:0000e216       __XcptFilter               0040f216 f   msvcrtd:MSVCR100D.dll
 0001:0000e21c       __cexit                    0040f21c f   msvcrtd:MSVCR100D.dll
 0001:0000e222       _exit                      0040f222 f   msvcrtd:MSVCR100D.dll
 0001:0000e228       __ismbblead                0040f228 f   msvcrtd:MSVCR100D.dll
 0001:0000e22e       __CrtSetCheckCount         0040f22e f   msvcrtd:MSVCR100D.dll
 0001:0000e240       __ValidateImageBase        0040f240 f   msvcrtd:pesect.obj
 0001:0000e2a0       __FindPESection            0040f2a0 f   msvcrtd:pesect.obj
 0001:0000e320       __IsNonwritableInCurrentImage 0040f320 f   msvcrtd:pesect.obj
 0001:0000e432       __CrtDbgReportW            0040f432 f   msvcrtd:MSVCR100D.dll
[...]
 0001:00015e1f       __unwindfunclet$?GenerateArticle@CGenerateData@@IAE?AW4genStatus@1@PBVCHttpRequestParser@@PBUCategoryMapping@@PAPAXPAI@Z$11 00416e1f f   GenerateData.obj
 0001:00015e2b       __unwindfunclet$?GenerateArticle@CGenerateData@@IAE?AW4genStatus@1@PBVCHttpRequestParser@@PBUCategoryMapping@@PAPAXPAI@Z$12 00416e2b f   GenerateData.obj
 0001:00015e37       __unwindfunclet$?GenerateArticle@CGenerateData@@IAE?AW4genStatus@1@PBVCHttpRequestParser@@PBUCategoryMapping@@PAPAXPAI@Z$13 00416e37 f   GenerateData.obj
 0001:00015e43       __unwindfunclet$?GenerateArticle@CGenerateData@@IAE?AW4genStatus@1@PBVCHttpRequestParser@@PBUCategoryMapping@@PAPAXPAI@Z$14 00416e43 f   GenerateData.obj
 0001:00015e4f       __unwindfunclet$?GenerateArticle@CGenerateData@@IAE?AW4genStatus@1@PBVCHttpRequestParser@@PBUCategoryMapping@@PAPAXPAI@Z$15 00416e4f f   GenerateData.obj
 0001:00015e5b       __unwindfunclet$?GenerateArticle@CGenerateData@@IAE?AW4genStatus@1@PBVCHttpRequestParser@@PBUCategoryMapping@@PAPAXPAI@Z$16 00416e5b f   GenerateData.obj
 0001:00015e67       __unwindfunclet$?GenerateArticle@CGenerateData@@IAE?AW4genStatus@1@PBVCHttpRequestParser@@PBUCategoryMapping@@PAPAXPAI@Z$17 00416e67 f   GenerateData.obj
 0001:00015e73       __unwindfunclet$?GenerateArticle@CGenerateData@@IAE?AW4genStatus@1@PBVCHttpRequestParser@@PBUCategoryMapping@@PAPAXPAI@Z$18 00416e73 f   GenerateData.obj
 0001:00015e7f       __unwindfunclet$?GenerateArticle@CGenerateData@@IAE?AW4genStatus@1@PBVCHttpRequestParser@@PBUCategoryMapping@@PAPAXPAI@Z$19 00416e7f f   GenerateData.obj
 0001:00015e8b       __unwindfunclet$?GenerateArticle@CGenerateData@@IAE?AW4genStatus@1@PBVCHttpRequestParser@@PBUCategoryMapping@@PAPAXPAI@Z$20 00416e8b f   GenerateData.obj
 0001:00015e97       __unwindfunclet$?GenerateArticle@CGenerateData@@IAE?AW4genStatus@1@PBVCHttpRequestParser@@PBUCategoryMapping@@PAPAXPAI@Z$21 00416e97 f   GenerateData.obj
 0001:00015ea3       __unwindfunclet$?GenerateArticle@CGenerateData@@IAE?AW4genStatus@1@PBVCHttpRequestParser@@PBUCategoryMapping@@PAPAXPAI@Z$22 00416ea3 f   GenerateData.obj
 0001:00015eac       __unwindfunclet$?GenerateArticle@CGenerateData@@IAE?AW4genStatus@1@PBVCHttpRequestParser@@PBUCategoryMapping@@PAPAXPAI@Z$23 00416eac f   GenerateData.obj
 0001:00015eb8       __ehhandler$?GenerateArticle@CGenerateData@@IAE?AW4genStatus@1@PBVCHttpRequestParser@@PBUCategoryMapping@@PAPAXPAI@Z 00416eb8 f   GenerateData.obj
 0001:00015ee0       __unwindfunclet$?GenerateMap@CGenerateData@@IAE?AW4genStatus@1@PBVCHttpRequestParser@@PBUCategoryMapping@@PAPAXPAI@Z$0 00416ee0 f   GenerateData.obj
 0001:00015ee9       __unwindfunclet$?GenerateMap@CGenerateData@@IAE?AW4genStatus@1@PBVCHttpRequestParser@@PBUCategoryMapping@@PAPAXPAI@Z$1 00416ee9 f   GenerateData.obj
 0001:00015ef2       __ehhandler$?GenerateMap@CGenerateData@@IAE?AW4genStatus@1@PBVCHttpRequestParser@@PBUCategoryMapping@@PAPAXPAI@Z 00416ef2 f   GenerateData.obj
 0001:00015f0d       __unwindfunclet$?CreateDSheader@CGenerateData@@IAE?AW4genStatus@1@PBUCategoryMapping@@IAAV?$CStringT@DV?$StrTraitMFC_DLL@DV?$ChTraitsCRT@D@ATL@@@@@ATL@@I@Z$0 00416f0d f   GenerateData.obj
 0001:00015f16       __ehhandler$?CreateDSheader@CGenerateData@@IAE?AW4genStatus@1@PBUCategoryMapping@@IAAV?$CStringT@DV?$StrTraitMFC_DLL@DV?$ChTraitsCRT@D@ATL@@@@@ATL@@I@Z 00416f16 f   GenerateData.obj
 0001:00015f31       __unwindfunclet$?GenerateBookMark@CGenerateData@@IAE?AW4genStatus@1@PBVCHttpRequestParser@@PBUCategoryMapping@@PAPAXPAII@Z$0 00416f31 f   GenerateData.obj
 0001:00015f3a       __unwindfunclet$?GenerateBookMark@CGenerateData@@IAE?AW4genStatus@1@PBVCHttpRequestParser@@PBUCategoryMapping@@PAPAXPAII@Z$1 00416f3a f   GenerateData.obj
 0001:00015f43       __unwindfunclet$?GenerateBookMark@CGenerateData@@IAE?AW4genStatus@1@PBVCHttpRequestParser@@PBUCategoryMapping@@PAPAXPAII@Z$2 00416f43 f   GenerateData.obj
 0001:00015f4c       __unwindfunclet$?GenerateBookMark@CGenerateData@@IAE?AW4genStatus@1@PBVCHttpRequestParser@@PBUCategoryMapping@@PAPAXPAII@Z$3 00416f4c f   GenerateData.obj
 0001:00015f55       __unwindfunclet$?GenerateBookMark@CGenerateData@@IAE?AW4genStatus@1@PBVCHttpRequestParser@@PBUCategoryMapping@@PAPAXPAII@Z$4 00416f55 f   GenerateData.obj
 0001:00015f5e       __unwindfunclet$?GenerateBookMark@CGenerateData@@IAE?AW4genStatus@1@PBVCHttpRequestParser@@PBUCategoryMapping@@PAPAXPAII@Z$5 00416f5e f   GenerateData.obj
 0001:00015f67       __unwindfunclet$?GenerateBookMark@CGenerateData@@IAE?AW4genStatus@1@PBVCHttpRequestParser@@PBUCategoryMapping@@PAPAXPAII@Z$6 00416f67 f   GenerateData.obj
 0001:00015f70       __unwindfunclet$?GenerateBookMark@CGenerateData@@IAE?AW4genStatus@1@PBVCHttpRequestParser@@PBUCategoryMapping@@PAPAXPAII@Z$7 00416f70 f   GenerateData.obj
 0001:00015f79       __ehhandler$?GenerateBookMark@CGenerateData@@IAE?AW4genStatus@1@PBVCHttpRequestParser@@PBUCategoryMapping@@PAPAXPAII@Z 00416f79 f   GenerateData.obj
 0001:00015f9e       __unwindfunclet$?GenerateBookMarkURL@CGenerateData@@IAE?AW4genStatus@1@PBVCHttpRequestParser@@PBUCategoryMapping@@PAPAXPAI@Z$0 00416f9e f   GenerateData.obj
 0001:00015fa7       __ehhandler$?GenerateBookMarkURL@CGenerateData@@IAE?AW4genStatus@1@PBVCHttpRequestParser@@PBUCategoryMapping@@PAPAXPAI@Z 00416fa7 f   GenerateData.obj
 0001:00015fd0       __unwindfunclet$??HATL@@YA?AV?$CStringT@DV?$StrTraitMFC_DLL@DV?$ChTraitsCRT@D@ATL@@@@@0@ABV10@0@Z$0 00416fd0 f   GenerateData.obj
 0001:00015fd9       __ehhandler$??HATL@@YA?AV?$CStringT@DV?$StrTraitMFC_DLL@DV?$ChTraitsCRT@D@ATL@@@@@0@ABV10@0@Z 00416fd9 f   GenerateData.obj
 0001:00016000       __unwindfunclet$??0CHttpRequestParser@@QAE@XZ$0 00417000 f   HttpRequestParser.obj
 0001:00016009       __unwindfunclet$??0CHttpRequestParser@@QAE@XZ$1 00417009 f   HttpRequestParser.obj
 0001:00016015       __unwindfunclet$??0CHttpRequestParser@@QAE@XZ$2 00417015 f   HttpRequestParser.obj
 0001:00016020       __unwindfunclet$??0CHttpRequestParser@@QAE@XZ$3 00417020 f   HttpRequestParser.obj
 0001:0001602c       __unwindfunclet$??0CHttpRequestParser@@QAE@XZ$4 0041702c f   HttpRequestParser.obj
 0001:00016038       __unwindfunclet$??0CHttpRequestParser@@QAE@XZ$5 00417038 f   HttpRequestParser.obj
 0001:00016043       __unwindfunclet$??0CHttpRequestParser@@QAE@XZ$6 00417043 f   HttpRequestParser.obj
 0001:0001604e       __unwindfunclet$??0CHttpRequestParser@@QAE@XZ$7 0041704e f   HttpRequestParser.obj
 0001:00016059       __ehhandler$??0CHttpRequestParser@@QAE@XZ 00417059 f   HttpRequestParser.obj
 0001:00016074       __unwindfunclet$?GetToken@CHttpRequestParser@@AAE?AV?$CStringT@DV?$StrTraitMFC_DLL@DV?$ChTraitsCRT@D@ATL@@@@@ATL@@PBDAAIIPAD@Z$1 00417074 f   HttpRequestParser.obj
 0001:0001607d       __unwindfunclet$?GetToken@CHttpRequestParser@@AAE?AV?$CStringT@DV?$StrTraitMFC_DLL@DV?$ChTraitsCRT@D@ATL@@@@@ATL@@PBDAAIIPAD@Z$2 0041707d f   HttpRequestParser.obj
 0001:00016086       __ehhandler$?GetToken@CHttpRequestParser@@AAE?AV?$CStringT@DV?$StrTraitMFC_DLL@DV?$ChTraitsCRT@D@ATL@@@@@ATL@@PBDAAIIPAD@Z 00417086 f   HttpRequestParser.obj
 0001:000160a1       __unwindfunclet$?ParseRequestLine@CHttpRequestParser@@QAEHPAVCForwardObject@@@Z$0 004170a1 f   HttpRequestParser.obj
 0001:000160aa       __ehhandler$?ParseRequestLine@CHttpRequestParser@@QAEHPAVCForwardObject@@@Z 004170aa f   HttpRequestParser.obj
 0001:000160c5       __unwindfunclet$?ParseURI@CHttpRequestParser@@QAEHPAVCForwardObject@@@Z$0 004170c5 f   HttpRequestParser.obj
 0001:000160ce       __unwindfunclet$?ParseURI@CHttpRequestParser@@QAEHPAVCForwardObject@@@Z$1 004170ce f   HttpRequestParser.obj
 0001:000160d7       __unwindfunclet$?ParseURI@CHttpRequestParser@@QAEHPAVCForwardObject@@@Z$2 004170d7 f   HttpRequestParser.obj
 0001:000160e3       __unwindfunclet$?ParseURI@CHttpRequestParser@@QAEHPAVCForwardObject@@@Z$3 004170e3 f   HttpRequestParser.obj
 0001:000160ef       __unwindfunclet$?ParseURI@CHttpRequestParser@@QAEHPAVCForwardObject@@@Z$4 004170ef f   HttpRequestParser.obj
 0001:000160fb       __unwindfunclet$?ParseURI@CHttpRequestParser@@QAEHPAVCForwardObject@@@Z$5 004170fb f   HttpRequestParser.obj
 0001:00016107       __unwindfunclet$?ParseURI@CHttpRequestParser@@QAEHPAVCForwardObject@@@Z$6 00417107 f   HttpRequestParser.obj
 0001:00016110       __unwindfunclet$?ParseURI@CHttpRequestParser@@QAEHPAVCForwardObject@@@Z$7 00417110 f   HttpRequestParser.obj
 0001:0001611c       __unwindfunclet$?ParseURI@CHttpRequestParser@@QAEHPAVCForwardObject@@@Z$8 0041711c f   HttpRequestParser.obj
 0001:00016128       __unwindfunclet$?ParseURI@CHttpRequestParser@@QAEHPAVCForwardObject@@@Z$9 00417128 f   HttpRequestParser.obj
 0001:00016131       __unwindfunclet$?ParseURI@CHttpRequestParser@@QAEHPAVCForwardObject@@@Z$10 00417131 f   HttpRequestParser.obj
 0001:0001613d       __unwindfunclet$?ParseURI@CHttpRequestParser@@QAEHPAVCForwardObject@@@Z$11 0041713d f   HttpRequestParser.obj
 0001:00016146       __unwindfunclet$?ParseURI@CHttpRequestParser@@QAEHPAVCForwardObject@@@Z$12 00417146 f   HttpRequestParser.obj
 0001:0001614f       __unwindfunclet$?ParseURI@CHttpRequestParser@@QAEHPAVCForwardObject@@@Z$13 0041714f f   HttpRequestParser.obj
 0001:00016158       __unwindfunclet$?ParseURI@CHttpRequestParser@@QAEHPAVCForwardObject@@@Z$14 00417158 f   HttpRequestParser.obj
 0001:00016161       __unwindfunclet$?ParseURI@CHttpRequestParser@@QAEHPAVCForwardObject@@@Z$15 00417161 f   HttpRequestParser.obj
 0001:0001616a       __unwindfunclet$?ParseURI@CHttpRequestParser@@QAEHPAVCForwardObject@@@Z$16 0041716a f   HttpRequestParser.obj
 0001:00016176       __unwindfunclet$?ParseURI@CHttpRequestParser@@QAEHPAVCForwardObject@@@Z$18 00417176 f   HttpRequestParser.obj
 0001:0001617f       __unwindfunclet$?ParseURI@CHttpRequestParser@@QAEHPAVCForwardObject@@@Z$19 0041717f f   HttpRequestParser.obj
 0001:00016188       __ehhandler$?ParseURI@CHttpRequestParser@@QAEHPAVCForwardObject@@@Z 00417188 f   HttpRequestParser.obj
 0001:000161a6       __unwindfunclet$?ParseEntityHeader@CHttpRequestParser@@QAE?AW4httpStatus@@PAVCForwardObject@@@Z$0 004171a6 f   HttpRequestParser.obj
 0001:000161af       __unwindfunclet$?ParseEntityHeader@CHttpRequestParser@@QAE?AW4httpStatus@@PAVCForwardObject@@@Z$1 004171af f   HttpRequestParser.obj
 0001:000161b8       __unwindfunclet$?ParseEntityHeader@CHttpRequestParser@@QAE?AW4httpStatus@@PAVCForwardObject@@@Z$2 004171b8 f   HttpRequestParser.obj
 0001:000161c1       __unwindfunclet$?ParseEntityHeader@CHttpRequestParser@@QAE?AW4httpStatus@@PAVCForwardObject@@@Z$3 004171c1 f   HttpRequestParser.obj
 0001:000161ca       __unwindfunclet$?ParseEntityHeader@CHttpRequestParser@@QAE?AW4httpStatus@@PAVCForwardObject@@@Z$5 004171ca f   HttpRequestParser.obj
 0001:000161d3       __unwindfunclet$?ParseEntityHeader@CHttpRequestParser@@QAE?AW4httpStatus@@PAVCForwardObject@@@Z$6 004171d3 f   HttpRequestParser.obj
 0001:000161dc       __unwindfunclet$?ParseEntityHeader@CHttpRequestParser@@QAE?AW4httpStatus@@PAVCForwardObject@@@Z$7 004171dc f   HttpRequestParser.obj
 0001:000161e5       __ehhandler$?ParseEntityHeader@CHttpRequestParser@@QAE?AW4httpStatus@@PAVCForwardObject@@@Z 004171e5 f   HttpRequestParser.obj
 0001:00016200       __unwindfunclet$??0CForwardObject@@QAE@I@Z$0 00417200 f   HttpRequestParser.obj
 0001:00016208       __ehhandler$??0CForwardObject@@QAE@I@Z 00417208 f   HttpRequestParser.obj
 0001:00016223       __unwindfunclet$??1CForwardObject@@UAE@XZ$0 00417223 f   HttpRequestParser.obj
 0001:0001622b       __ehhandler$??1CForwardObject@@UAE@XZ 0041722b f   HttpRequestParser.obj
 0001:00016250       __unwindfunclet$??HATL@@YA?AV?$CStringT@DV?$StrTraitMFC_DLL@DV?$ChTraitsCRT@D@ATL@@@@@0@ABV10@D@Z$0 00417250 f   HttpRequestParser.obj
 0001:00016259       __ehhandler$??HATL@@YA?AV?$CStringT@DV?$StrTraitMFC_DLL@DV?$ChTraitsCRT@D@ATL@@@@@0@ABV10@D@Z 00417259 f   HttpRequestParser.obj
 0001:00016280       __unwindfunclet$?CreateObject@CListenThread@@SGPAVCObject@@XZ$0 00417280 f   ListenThread.obj
 0001:00016291       __ehhandler$?CreateObject@CListenThread@@SGPAVCObject@@XZ 00417291 f   ListenThread.obj
 0001:000162ac       __unwindfunclet$??0CListenThread@@IAE@XZ$0 004172ac f   ListenThread.obj
 0001:000162b4       __ehhandler$??0CListenThread@@IAE@XZ 004172b4 f   ListenThread.obj
 0001:000162cf       __unwindfunclet$??1CListenThread@@MAE@XZ$0 004172cf f   ListenThread.obj
 0001:000162d7       __ehhandler$??1CListenThread@@MAE@XZ 004172d7 f   ListenThread.obj
 0001:000162f2       __unwindfunclet$?InitInstance@CListenThread@@UAEHXZ$0 004172f2 f   ListenThread.obj
 0001:00016303       __ehhandler$?InitInstance@CListenThread@@UAEHXZ 00417303 f   ListenThread.obj
 0001:00016320       __unwindfunclet$??0?$CList@HH@@QAE@H@Z$0 00417320 f   ListenThread.obj
 0001:00016328       __ehhandler$??0?$CList@HH@@QAE@H@Z 00417328 f   ListenThread.obj
 0001:00016350       __unwindfunclet$??1?$CList@HH@@UAE@XZ$0 00417350 f   ListenThread.obj
 0001:00016358       __ehhandler$??1?$CList@HH@@UAE@XZ 00417358 f   ListenThread.obj
 0001:00016380       __unwindfunclet$?CreateObject@CListenWindow@@SGPAVCObject@@XZ$0 00417380 f   ListenWindow.obj
 0001:00016391       __ehhandler$?CreateObject@CListenWindow@@SGPAVCObject@@XZ 00417391 f   ListenWindow.obj
 0001:000163b0       __unwindfunclet$??0CMainFrame@@QAE@XZ$0 004173b0 f   MainFrm.obj
 0001:000163b8       __unwindfunclet$??0CMainFrame@@QAE@XZ$1 004173b8 f   MainFrm.obj
 0001:000163c6       __ehhandler$??0CMainFrame@@QAE@XZ 004173c6 f   MainFrm.obj
 0001:000163e1       __unwindfunclet$??1CMainFrame@@UAE@XZ$0 004173e1 f   MainFrm.obj
 0001:000163e9       __unwindfunclet$??1CMainFrame@@UAE@XZ$1 004173e9 f   MainFrm.obj
 0001:000163f7       __ehhandler$??1CMainFrame@@UAE@XZ 004173f7 f   MainFrm.obj
 0001:00016420       __unwindfunclet$?CreateObject@CWorkerThread@@SGPAVCObject@@XZ$0 00417420 f   WorkerThread.obj
 0001:00016431       __ehhandler$?CreateObject@CWorkerThread@@SGPAVCObject@@XZ 00417431 f   WorkerThread.obj
 0001:0001644c       __unwindfunclet$?CreateObject@CForwardObject@@SGPAVCObject@@XZ$0 0041744c f   WorkerThread.obj
 0001:0001645d       __ehhandler$?CreateObject@CForwardObject@@SGPAVCObject@@XZ 0041745d f   WorkerThread.obj
 0001:00016478       __unwindfunclet$??0CWorkerThread@@IAE@XZ$0 00417478 f   WorkerThread.obj
 0001:00016480       __unwindfunclet$??0CWorkerThread@@IAE@XZ$1 00417480 f   WorkerThread.obj
 0001:0001648b       __unwindfunclet$??0CWorkerThread@@IAE@XZ$2 0041748b f   WorkerThread.obj
 0001:00016499       __ehhandler$??0CWorkerThread@@IAE@XZ 00417499 f   WorkerThread.obj
 0001:000164b4       __unwindfunclet$??1CWorkerThread@@MAE@XZ$0 004174b4 f   WorkerThread.obj
 0001:000164bc       __unwindfunclet$??1CWorkerThread@@MAE@XZ$1 004174bc f   WorkerThread.obj
 0001:000164c7       __unwindfunclet$??1CWorkerThread@@MAE@XZ$2 004174c7 f   WorkerThread.obj
 0001:000164d5       __ehhandler$??1CWorkerThread@@MAE@XZ 004174d5 f   WorkerThread.obj
 0001:000164f0       __unwindfunclet$?InitInstance@CWorkerThread@@UAEHXZ$0 004174f0 f   WorkerThread.obj
 0001:00016501       __unwindfunclet$?InitInstance@CWorkerThread@@UAEHXZ$1 00417501 f   WorkerThread.obj
 0001:00016512       __ehhandler$?InitInstance@CWorkerThread@@UAEHXZ 00417512 f   WorkerThread.obj
 0001:00016530       __unwindfunclet$??1CHttpRequestParser@@QAE@XZ$0 00417530 f   WorkerThread.obj
 0001:00016539       __unwindfunclet$??1CHttpRequestParser@@QAE@XZ$1 00417539 f   WorkerThread.obj
 0001:00016545       __ehhandler$??1CHttpRequestParser@@QAE@XZ 00417545 f   WorkerThread.obj
 0001:00016560       __unwindfunclet$??0?$CList@PAVCForwardObject@@PAV1@@@QAE@H@Z$0 00417560 f   WorkerThread.obj
 0001:00016568       __ehhandler$??0?$CList@PAVCForwardObject@@PAV1@@@QAE@H@Z 00417568 f   WorkerThread.obj
 0001:00016590       __unwindfunclet$??1?$CList@PAVCForwardObject@@PAV1@@@UAE@XZ$0 00417590 f   WorkerThread.obj
 0001:00016598       __ehhandler$??1?$CList@PAVCForwardObject@@PAV1@@@UAE@XZ 00417598 f   WorkerThread.obj
 0001:000165c0       ??__EtheApp@@YAXXZ         004175c0 f   FaultSim.obj
 0001:000165e0       ??__Eclash@Inconsistent_definition_of_symbol__ATL_MIXED@@YAXXZ 004175e0 f   StdAfx.obj
 0001:000165f0       ??__Eclash@Define_the_symbol__ATL_MIXED@@YAXXZ 004175f0 f   StdAfx.obj
 0001:00016600       ??__Eclash@Inconsistent_definition_of_symbol__ATL_MIXED@@YAXXZ 00417600 f   mfcs100d:nolib.obj
 0001:00016610       ??__Eclash@Define_the_symbol__ATL_MIXED@@YAXXZ 00417610 f   mfcs100d:nolib.obj
 0001:00016630       ??__Eclash@Inconsistent_definition_of_symbol__ATL_MIXED@@YAXXZ 00417630 f   mfcs100d:stdafx.obj
 0001:00016640       ??__Eclash@Define_the_symbol__ATL_MIXED@@YAXXZ 00417640 f   mfcs100d:stdafx.obj
 0001:00016660       ??__Eclash@Inconsistent_definition_of_symbol__ATL_MIXED@@YAXXZ 00417660 f   mfcs100d:sockexp.obj
 0001:00016670       ??__Eclash@Define_the_symbol__ATL_MIXED@@YAXXZ 00417670 f   mfcs100d:sockexp.obj
 0001:00016690       ??__Eg_Allocator@@YAXXZ    00417690 f   atlsd:Externs.obj
 0001:000166b0       ??__Eg_bInitialized@@YAXXZ 004176b0 f   atlsd:Externs.obj
 0001:000166d0       ??__E?s_trace@CTrace@ATL@@2V12@A@@YAXXZ 004176d0 f   atlsd:Externs.obj
 0001:00016700       ??__EatlTraceGeneral@ATL@@YAXXZ 00417700 f   atlsd:atltrace.obj
 0001:00016720       ??__EatlTraceCOM@ATL@@YAXXZ 00417720 f   atlsd:atltrace.obj
 0001:00016740       ??__EatlTraceQI@ATL@@YAXXZ 00417740 f   atlsd:atltrace.obj
 0001:00016760       ??__EatlTraceRegistrar@ATL@@YAXXZ 00417760 f   atlsd:atltrace.obj
 0001:00016780       ??__EatlTraceRefcount@ATL@@YAXXZ 00417780 f   atlsd:atltrace.obj
 0001:000167a0       ??__EatlTraceWindowing@ATL@@YAXXZ 004177a0 f   atlsd:atltrace.obj
 0001:000167c0       ??__EatlTraceControls@ATL@@YAXXZ 004177c0 f   atlsd:atltrace.obj
 0001:000167e0       ??__EatlTraceHosting@ATL@@YAXXZ 004177e0 f   atlsd:atltrace.obj
 0001:00016800       ??__EatlTraceDBClient@ATL@@YAXXZ 00417800 f   atlsd:atltrace.obj
 0001:00016820       ??__EatlTraceDBProvider@ATL@@YAXXZ 00417820 f   atlsd:atltrace.obj
 0001:00016840       ??__EatlTraceSnapin@ATL@@YAXXZ 00417840 f   atlsd:atltrace.obj
 0001:00016860       ??__EatlTraceNotImpl@ATL@@YAXXZ 00417860 f   atlsd:atltrace.obj
 0001:00016880       ??__EatlTraceAllocation@ATL@@YAXXZ 00417880 f   atlsd:atltrace.obj
 0001:000168a0       ??__EatlTraceException@ATL@@YAXXZ 004178a0 f   atlsd:atltrace.obj
 0001:000168c0       ??__EatlTraceTime@ATL@@YAXXZ 004178c0 f   atlsd:atltrace.obj
 0001:000168e0       ??__EatlTraceCache@ATL@@YAXXZ 004178e0 f   atlsd:atltrace.obj
 0001:00016900       ??__EatlTraceStencil@ATL@@YAXXZ 00417900 f   atlsd:atltrace.obj
 0001:00016920       ??__EatlTraceString@ATL@@YAXXZ 00417920 f   atlsd:atltrace.obj
 0001:00016940       ??__EatlTraceMap@ATL@@YAXXZ 00417940 f   atlsd:atltrace.obj
 0001:00016960       ??__EatlTraceUtil@ATL@@YAXXZ 00417960 f   atlsd:atltrace.obj
 0001:00016980       ??__EatlTraceSecurity@ATL@@YAXXZ 00417980 f   atlsd:atltrace.obj
 0001:000169a0       ??__EatlTraceSync@ATL@@YAXXZ 004179a0 f   atlsd:atltrace.obj
 0001:000169c0       ??__EatlTraceISAPI@ATL@@YAXXZ 004179c0 f   atlsd:atltrace.obj
 0001:000169e0       ??__EatlTraceUser@ATL@@YAXXZ 004179e0 f   atlsd:atltrace.obj
 0001:00016a00       ??__EatlTraceUser2@ATL@@YAXXZ 00417a00 f   atlsd:atltrace.obj
 0001:00016a20       ??__EatlTraceUser3@ATL@@YAXXZ 00417a20 f   atlsd:atltrace.obj
 0001:00016a40       ??__EatlTraceUser4@ATL@@YAXXZ 00417a40 f   atlsd:atltrace.obj
 0001:00016a60       ??__E_afxInitAppState@@YAXXZ 00417a60 f   mfcs100d:appmodul.obj
 0001:00016a80       ??__Eclash@Inconsistent_definition_of_symbol__ATL_MIXED@@YAXXZ 00417a80 f   mfcs100d:appmodul.obj
 0001:00016a90       ??__Eclash@Define_the_symbol__ATL_MIXED@@YAXXZ 00417a90 f   mfcs100d:appmodul.obj
 0001:00016ab0       ??__FtheApp@@YAXXZ         00417ab0 f   FaultSim.obj
 0001:00016ac0       ??__Fg_Allocator@@YAXXZ    00417ac0 f   atlsd:Externs.obj
 0001:00016ae0       ??__F?s_trace@CTrace@ATL@@2V12@A@@YAXXZ 00417ae0 f   atlsd:Externs.obj
